Microchip MPLAB XC8 Compiler V1.41 ()

Linker command line:

-W-3 --edf=/Applications/microchip/xc8/v1.41/dat/en_msgs.txt -cs \
  -h+dist/default/production/ProyectoMicros.X.production.sym \
  --cmf=dist/default/production/ProyectoMicros.X.production.cmf -z \
  -Q18F4585 -o/tmp/xc73AtiAT \
  -Mdist/default/production/ProyectoMicros.X.production.map -E1 -ver=XC8 \
  -ASTACK=060h-0cffh -pstack=STACK -ACODE=00h-0BFFFh -ACONST=00h-0BFFFh \
  -ASMALLCONST=0D00h-0DFFhx179 -AMEDIUMCONST=0D00h-0BFFFh -ACOMRAM=01h-05Fh \
  -AABS1=00h-0CFFh -ABIGRAM=01h-0CFFh -ARAM=060h-0FFh,0100h-01FFhx12 \
  -ABANK0=060h-0FFh -ABANK1=0100h-01FFh -ABANK2=0200h-02FFh \
  -ABANK3=0300h-03FFh -ABANK4=0400h-04FFh -ABANK5=0500h-05FFh \
  -ABANK6=0600h-06FFh -ABANK7=0700h-07FFh -ABANK8=0800h-08FFh \
  -ABANK9=0900h-09FFh -ABANK10=0A00h-0AFFh -ABANK11=0B00h-0BFFh \
  -ABANK12=0C00h-0CFFh -ASFR=0D00h-0DFFhx2,0F00h-0F5Fh,0F60h-0FFFh \
  -preset_vec=00h,intcode,intcodelo,powerup,init -pramtop=0D00h \
  -psmallconst=SMALLCONST -pmediumconst=MEDIUMCONST -pconst=CONST \
  -AFARRAM=00h-00h -ACONFIG=0300000h-030000Dh -pconfig=CONFIG \
  -AIDLOC=0200000h-0200007h -pidloc=IDLOC -AEEDATA=0F00000h-0F003FFh \
  -peeprom_data=EEDATA \
  -prdata=COMRAM,nvrram=COMRAM,nvbit=COMRAM,rbss=COMRAM,rbit=COMRAM \
  -pfarbss=FARRAM,fardata=FARRAM,nvFARRAM=FARRAM \
  -pintsave_regs=BIGRAM,bigbss=BIGRAM,bigdata=BIGRAM -pbss=RAM \
  -pidata=CODE,irdata=CODE,ibigdata=CODE,ifardata=CODE -prparam=COMRAM \
  /tmp/xcHDhzlSs.obj \
  dist/default/production/ProyectoMicros.X.production.obj 

Object code version is 3.11

Machine type is 18F4585

Call graph: (short form)




                Name                               Link     Load   Length Selector   Space Scale
/tmp/xcHDhzlSs.obj
                init                                  0        0        4        0       0
                idloc                            200000   200000        8   200000       0
                config                           300000   300000        E   300000       0
dist/default/production/ProyectoMicros.X.production.obj
                smallconst                          D00      D00       F2      680       0
                text24                             100C     100C       E4      6F9       0
                text23                             1394     1394        A      6F9       0
                text22                             128A     128A       20      6F9       0
                text21                             135A     135A       12      6F9       0
                text20                             12F6     12F6       18      6F9       0
                text19                             1348     1348       12      6F9       0
                text18                             1222     1222       38      6F9       0
                text17                             12DE     12DE       18      6F9       0
                text16                             139E     139E        8      6F9       0
                text15                             13B2     13B2        6      6F9       0
                text14                             12C6     12C6       18      6F9       0
                text13                             12AA     12AA       1C      6F9       0
                text12                             125A     125A       30      6F9       0
                text11                             1388     1388        C      6F9       0
                text10                             13AC     13AC        6      6F9       0
                text9                              137C     137C        C      6F9       0
                text8                               F10      F10       FC      6F9       0
                text7                              13A6     13A6        6      6F9       0
                text6                              11E4     11E4       3E      6F9       0
                text5                              130E     130E       16      6F9       0
                text4                              10F0     10F0       AA      6F9       0
                text3                              1336     1336       12      6F9       0
                text2                              119A     119A       4A      6F9       0
                text1                              1324     1324       12      6F9       0
                text0                               DF2      DF2      11E      6F9       0
                cstackCOMRAM                          1        1        A        1       1
                bssCOMRAM                             B        B        1        1       1
                cinit                              136C     136C       10      6F9       0

TOTAL           Name                               Link     Load   Length     Space
        CLASS   STACK          

        CLASS   CODE           
                init                                  0        0        4         0
                text24                             100C     100C       E4         0
                text23                             1394     1394        A         0
                text22                             128A     128A       20         0
                text21                             135A     135A       12         0
                text20                             12F6     12F6       18         0
                text19                             1348     1348       12         0
                text18                             1222     1222       38         0
                text17                             12DE     12DE       18         0
                text16                             139E     139E        8         0
                text15                             13B2     13B2        6         0
                text14                             12C6     12C6       18         0
                text13                             12AA     12AA       1C         0
                text12                             125A     125A       30         0
                text11                             1388     1388        C         0
                text10                             13AC     13AC        6         0
                text9                              137C     137C        C         0
                text8                               F10      F10       FC         0
                text7                              13A6     13A6        6         0
                text6                              11E4     11E4       3E         0
                text5                              130E     130E       16         0
                text4                              10F0     10F0       AA         0
                text3                              1336     1336       12         0
                text2                              119A     119A       4A         0
                text1                              1324     1324       12         0
                text0                               DF2      DF2      11E         0
                cinit                              136C     136C       10         0

        CLASS   CONST          

        CLASS   SMALLCONST     
                smallconst                          D00      D00       F2         0

        CLASS   MEDIUMCONST    

        CLASS   COMRAM         
                cstackCOMRAM                          1        1        A         1
                bssCOMRAM                             B        B        1         1

        CLASS   ABS1           

        CLASS   BIGRAM         

        CLASS   RAM            

        CLASS   BANK0          

        CLASS   BANK1          

        CLASS   BANK2          

        CLASS   BANK3          

        CLASS   BANK4          

        CLASS   BANK5          

        CLASS   BANK6          

        CLASS   BANK7          

        CLASS   BANK8          

        CLASS   BANK9          

        CLASS   BANK10         

        CLASS   BANK11         

        CLASS   BANK12         

        CLASS   SFR            

        CLASS   FARRAM         

        CLASS   CONFIG         
                config                           300000   300000        E         0

        CLASS   IDLOC          
                idloc                            200000   200000        8         0

        CLASS   EEDATA         



SEGMENTS        Name                           Load    Length   Top    Selector   Space  Class

                reset_vec                      000000  000004  000004         0       0  CODE    
                cstackCOMRAM                   000001  00000B  00000C         1       1  COMRAM  
                smallconst                     000D00  0000F2  000DF2       680       0  SMALLCON
                text0                          000DF2  0005C6  0013B8       6F9       0  CODE    
                idloc                          200000  000008  200008    200000       0  IDLOC   
                config                         300000  00000E  30000E    300000       0  CONFIG  


UNUSED ADDRESS RANGES

        Name                Unused          Largest block    Delta
        BANK0            000060-0000FF               A0
        BANK1            000100-0001FF              100
        BANK10           000A00-000AFF              100
        BANK11           000B00-000BFF              100
        BANK12           000C00-000CFF              100
        BANK2            000200-0002FF              100
        BANK3            000300-0003FF              100
        BANK4            000400-0004FF              100
        BANK5            000500-0005FF              100
        BANK6            000600-0006FF              100
        BANK7            000700-0007FF              100
        BANK8            000800-0008FF              100
        BANK9            000900-0009FF              100
        BIGRAM           00000C-000CFF              CF4
        CODE             000004-000CFF              CFC
                         0013B8-00BFFF             AC48
        COMRAM           00000C-00005F               54
        CONST            000004-000CFF              CFC
                         0013B8-00BFFF             AC48
        EEDATA           F00000-F003FF              400
        MEDIUMCONST      0013B8-00BFFF             AC48
        RAM              000060-000CFF              100
        SFR              000D00-000FFF              100
        SMALLCONST       0013B8-00BFFF              100
        STACK            000060-000CFF              CA0

                                  Symbol Table

Read_b_eep@badd              cstackCOMRAM 000001
Write_b_eep@GIE_BIT_VAL      cstackCOMRAM 000004
Write_b_eep@badd             cstackCOMRAM 000001
Write_b_eep@bdat             cstackCOMRAM 000003
_ADCON1                      (abs)        000FC1
_Busy_eep                    text7        0013A6
_CCP1CON                     (abs)        000FBD
_CCPR1L                      (abs)        000FBE
_CMCON                       (abs)        000FB4
_CVRCONbits                  (abs)        000FB5
_EEADR                       (abs)        000FA9
_EEADRH                      (abs)        000FAA
_EECON1bits                  (abs)        000FA6
_EECON2                      (abs)        000FA7
_EEDATA                      (abs)        000FA8
_INTCON2bits                 (abs)        000FF1
_INTCONbits                  (abs)        000FF2
_LATA                        (abs)        000F89
_LATB                        (abs)        000F8A
_LATC                        (abs)        000F8B
_LATCbits                    (abs)        000F8B
_LATD                        (abs)        000F8C
_LATE                        (abs)        000F8D
_LATEbits                    (abs)        000F8D
_OSCCON                      (abs)        000FD3
_PORTA                       (abs)        000F80
_PORTAbits                   (abs)        000F80
_PORTB                       (abs)        000F81
_PORTBbits                   (abs)        000F81
_PORTC                       (abs)        000F82
_PORTCbits                   (abs)        000F82
_PORTD                       (abs)        000F83
_PORTDbits                   (abs)        000F83
_PORTE                       (abs)        000F84
_PORTEbits                   (abs)        000F84
_PR2                         (abs)        000FCB
_Read_b_eep                  text20       0012F6
_T2CON                       (abs)        000FCA
_TRISA                       (abs)        000F92
_TRISB                       (abs)        000F93
_TRISC                       (abs)        000F94
_TRISD                       (abs)        000F95
_TRISE                       (abs)        000F96
_Write_b_eep                 text6        0011E4
__CFG_LVP$OFF                (abs)        000000
__CFG_MCLRE$ON               (abs)        000000
__CFG_OSC$IRCIO67            (abs)        000000
__CFG_PBADEN$OFF             (abs)        000000
__CFG_WDT$OFF                (abs)        000000
__HRAM                       (abs)        000000
__Habs1                      abs1         000000
__Hbank0                     bank0        000000
__Hbank1                     bank1        000000
__Hbank10                    bank10       000000
__Hbank11                    bank11       000000
__Hbank12                    bank12       000000
__Hbank2                     bank2        000000
__Hbank3                     bank3        000000
__Hbank4                     bank4        000000
__Hbank5                     bank5        000000
__Hbank6                     bank6        000000
__Hbank7                     bank7        000000
__Hbank8                     bank8        000000
__Hbank9                     bank9        000000
__Hbigbss                    bigbss       000000
__Hbigdata                   bigdata      000000
__Hbigram                    bigram       000000
__Hbss                       bss          000000
__HbssCOMRAM                 bssCOMRAM    000000
__Hcinit                     cinit        000000
__Hclrtext                   clrtext      000000
__Hcomram                    comram       000000
__Hconfig                    config       30000E
__Hconst                     const        000000
__HcstackCOMRAM              cstackCOMRAM 000000
__Hdata                      data         000000
__Heeprom_data               eeprom_data  000000
__Hfarbss                    farbss       000000
__Hfardata                   fardata      000000
__Hibigdata                  ibigdata     000000
__Hidata                     idata        000000
__Hidloc                     idloc        200008
__Hifardata                  ifardata     000000
__Hinit                      init         000004
__Hintcode                   intcode      000000
__Hintcode_body              intcode_body 000000
__Hintcodelo                 intcodelo    000000
__Hintentry                  intentry     000000
__Hintret                    intret       000000
__Hintsave_regs              intsave_regs 000000
__Hirdata                    irdata       000000
__Hmediumconst               mediumconst  000000
__HnvFARRAM                  nvFARRAM     000000
__Hnvbit                     nvbit        000000
__Hnvrram                    nvrram       000000
__Hparam                     rparam       000000
__Hpowerup                   powerup      000000
__Hram                       ram          000000
__Hramtop                    ramtop       000D00
__Hrbit                      rbit         000000
__Hrbss                      rbss         000000
__Hrdata                     rdata        000000
__Hreset_vec                 reset_vec    000000
__Hrparam                    rparam       000000
__Hsfr                       sfr          000000
__Hsmallconst                smallconst   000DF2
__Hspace_0                   (abs)        30000E
__Hspace_1                   (abs)        00000C
__Hspace_2                   (abs)        000000
__Hstack                     stack        000000
__Hstruct                    struct       000000
__Htemp                      temp         000000
__Htext                      text         000000
__Htext0                     text0        000000
__Htext1                     text1        000000
__Htext10                    text10       000000
__Htext11                    text11       000000
__Htext12                    text12       000000
__Htext13                    text13       000000
__Htext14                    text14       000000
__Htext15                    text15       000000
__Htext16                    text16       000000
__Htext17                    text17       000000
__Htext18                    text18       000000
__Htext19                    text19       000000
__Htext2                     text2        000000
__Htext20                    text20       000000
__Htext21                    text21       000000
__Htext22                    text22       000000
__Htext23                    text23       000000
__Htext24                    text24       000000
__Htext3                     text3        000000
__Htext4                     text4        000000
__Htext5                     text5        000000
__Htext6                     text6        000000
__Htext7                     text7        000000
__Htext8                     text8        000000
__Htext9                     text9        000000
__LRAM                       (abs)        000001
__Labs1                      abs1         000000
__Lbank0                     bank0        000000
__Lbank1                     bank1        000000
__Lbank10                    bank10       000000
__Lbank11                    bank11       000000
__Lbank12                    bank12       000000
__Lbank2                     bank2        000000
__Lbank3                     bank3        000000
__Lbank4                     bank4        000000
__Lbank5                     bank5        000000
__Lbank6                     bank6        000000
__Lbank7                     bank7        000000
__Lbank8                     bank8        000000
__Lbank9                     bank9        000000
__Lbigbss                    bigbss       000000
__Lbigdata                   bigdata      000000
__Lbigram                    bigram       000000
__Lbss                       bss          000000
__LbssCOMRAM                 bssCOMRAM    000000
__Lcinit                     cinit        000000
__Lclrtext                   clrtext      000000
__Lcomram                    comram       000000
__Lconfig                    config       300000
__Lconst                     const        000000
__LcstackCOMRAM              cstackCOMRAM 000000
__Ldata                      data         000000
__Leeprom_data               eeprom_data  000000
__Lfarbss                    farbss       000000
__Lfardata                   fardata      000000
__Libigdata                  ibigdata     000000
__Lidata                     idata        000000
__Lidloc                     idloc        200000
__Lifardata                  ifardata     000000
__Linit                      init         000000
__Lintcode                   intcode      000000
__Lintcode_body              intcode_body 000000
__Lintcodelo                 intcodelo    000000
__Lintentry                  intentry     000000
__Lintret                    intret       000000
__Lintsave_regs              intsave_regs 000000
__Lirdata                    irdata       000000
__Lmediumconst               mediumconst  000000
__LnvFARRAM                  nvFARRAM     000000
__Lnvbit                     nvbit        000000
__Lnvrram                    nvrram       000000
__Lparam                     rparam       000000
__Lpowerup                   powerup      000000
__Lram                       ram          000000
__Lramtop                    ramtop       000D00
__Lrbit                      rbit         000000
__Lrbss                      rbss         000000
__Lrdata                     rdata        000000
__Lreset_vec                 reset_vec    000000
__Lrparam                    rparam       000000
__Lsfr                       sfr          000000
__Lsmallconst                smallconst   000D00
__Lspace_0                   (abs)        000000
__Lspace_1                   (abs)        000000
__Lspace_2                   (abs)        000000
__Lstack                     stack        000000
__Lstruct                    struct       000000
__Ltemp                      temp         000000
__Ltext                      text         000000
__Ltext0                     text0        000000
__Ltext1                     text1        000000
__Ltext10                    text10       000000
__Ltext11                    text11       000000
__Ltext12                    text12       000000
__Ltext13                    text13       000000
__Ltext14                    text14       000000
__Ltext15                    text15       000000
__Ltext16                    text16       000000
__Ltext17                    text17       000000
__Ltext18                    text18       000000
__Ltext19                    text19       000000
__Ltext2                     text2        000000
__Ltext20                    text20       000000
__Ltext21                    text21       000000
__Ltext22                    text22       000000
__Ltext23                    text23       000000
__Ltext24                    text24       000000
__Ltext3                     text3        000000
__Ltext4                     text4        000000
__Ltext5                     text5        000000
__Ltext6                     text6        000000
__Ltext7                     text7        000000
__Ltext8                     text8        000000
__Ltext9                     text9        000000
__S0                         (abs)        30000E
__S1                         (abs)        00000C
__S2                         (abs)        000000
___inthi_sp                  stack        000000
___intlo_sp                  stack        000000
___param_bank                (abs)        000000
___rparam_used               (abs)        000001
___sp                        stack        000000
__accesstop                  (abs)        000060
__activetblptr               (abs)        000001
__end_of_Busy_eep            text7        0013AC
__end_of_Read_b_eep          text20       00130E
__end_of_Write_b_eep         text6        001222
__end_of__initialization     cinit        00136E
__end_of_alarm               text21       00136C
__end_of_checkPassword       text18       00125A
__end_of_clear_LCD           text16       0013A6
__end_of_close               text15       0013B8
__end_of_command_LCD         text17       0012F6
__end_of_display_LCD         text14       0012DE
__end_of_display_string_LCD  text12       00128A
__end_of_first_line_LCD      text11       001394
__end_of_getKey              text24       0010F0
__end_of_ground              text23       00139E
__end_of_main                text0        000F10
__end_of_menu                text8        00100C
__end_of_obtainedKey         text22       0012AA
__end_of_open                text10       0013B2
__end_of_profile             text4        00119A
__end_of_pwmInit             text3        001348
__end_of_readPassword        text19       00135A
__end_of_ready_LCD           text13       0012C6
__end_of_second_line_LCD     text9        001388
__end_of_setup_LCD           text2        0011E4
__end_of_welcome             text1        001336
__end_of_writePassword       text5        001324
__initialization             cinit        00136C
__mediumconst                mediumconst  000000
__pbssCOMRAM                 bssCOMRAM    00000B
__pcinit                     cinit        00136C
__pcstackCOMRAM              cstackCOMRAM 000001
__psmallconst                smallconst   000D00
__ptext0                     text0        000DF2
__ptext1                     text1        001324
__ptext10                    text10       0013AC
__ptext11                    text11       001388
__ptext12                    text12       00125A
__ptext13                    text13       0012AA
__ptext14                    text14       0012C6
__ptext15                    text15       0013B2
__ptext16                    text16       00139E
__ptext17                    text17       0012DE
__ptext18                    text18       001222
__ptext19                    text19       001348
__ptext2                     text2        00119A
__ptext20                    text20       0012F6
__ptext21                    text21       00135A
__ptext22                    text22       00128A
__ptext23                    text23       001394
__ptext24                    text24       00100C
__ptext3                     text3        001336
__ptext4                     text4        0010F0
__ptext5                     text5        00130E
__ptext6                     text6        0011E4
__ptext7                     text7        0013A6
__ptext8                     text8        000F10
__ptext9                     text9        00137C
__ramtop                     ramtop       000D00
__size_of_Busy_eep           (abs)        000000
__size_of_Read_b_eep         (abs)        000000
__size_of_Write_b_eep        (abs)        000000
__size_of_alarm              (abs)        000000
__size_of_checkPassword      (abs)        000000
__size_of_clear_LCD          (abs)        000000
__size_of_close              (abs)        000000
__size_of_command_LCD        (abs)        000000
__size_of_display_LCD        (abs)        000000
__size_of_display_string_LCD (abs)        000000
__size_of_first_line_LCD     (abs)        000000
__size_of_getKey             (abs)        000000
__size_of_ground             (abs)        000000
__size_of_main               (abs)        000000
__size_of_menu               (abs)        000000
__size_of_obtainedKey        (abs)        000000
__size_of_open               (abs)        000000
__size_of_profile            (abs)        000000
__size_of_pwmInit            (abs)        000000
__size_of_readPassword       (abs)        000000
__size_of_ready_LCD          (abs)        000000
__size_of_second_line_LCD    (abs)        000000
__size_of_setup_LCD          (abs)        000000
__size_of_welcome            (abs)        000000
__size_of_writePassword      (abs)        000000
__smallconst                 smallconst   000D00
_alarm                       text21       00135A
_checkPassword               text18       001222
_clear_LCD                   text16       00139E
_close                       text15       0013B2
_command_LCD                 text17       0012DE
_display_LCD                 text14       0012C6
_display_string_LCD          text12       00125A
_first_line_LCD              text11       001388
_flag                        bssCOMRAM    00000B
_getKey                      text24       00100C
_ground                      text23       001394
_main                        text0        000DF2
_menu                        text8        000F10
_obtainedKey                 text22       00128A
_open                        text10       0013AC
_profile                     text4        0010F0
_pwmInit                     text3        001336
_readPassword                text19       001348
_ready_LCD                   text13       0012AA
_second_line_LCD             text9        00137C
_setup_LCD                   text2        00119A
_welcome                     text1        001324
_writePassword               text5        00130E
checkPassword@i              cstackCOMRAM 000006
checkPassword@pass           cstackCOMRAM 000005
command_LCD@x                cstackCOMRAM 000001
display_LCD@data             cstackCOMRAM 000001
display_string_LCD@data      cstackCOMRAM 000002
end_of_initialization        cinit        00136E
intlevel0                    text         000000
intlevel1                    text         000000
intlevel2                    text         000000
intlevel3                    text         000000
obtainedKey@key_presionada   cstackCOMRAM 000002
profile@i                    cstackCOMRAM 000007
readPassword@address         cstackCOMRAM 000003
readPassword@value           cstackCOMRAM 000004
stackhi                      (abs)        000CFF
stacklo                      (abs)        000060
start                        init         000000
start_initialization         cinit        00136C
writePassword@address        cstackCOMRAM 000005
writePassword@value          cstackCOMRAM 000006


FUNCTION INFORMATION:

 *************** function _main *****************
 Defined at:
		line 28 in file "mainCode.c"
 Parameters:    Size  Location     Type
		None
 Auto vars:     Size  Location     Type
  key             1    0        unsigned char 
 Return value:  Size  Location     Type
                  1    wreg      void 
 Registers used:
		wreg, status,2, status,0, tblptrl, tblptrh, tblptru, cstack
 Tracked objects:
		On entry : 
		On exit  : 
		Unchanged: 
 Data sizes:     COMRAM   BANK0   BANK1   BANK2   BANK3   BANK4   BANK5   BANK6   BANK7   BANK8   BANK9  BANK10  BANK11  BANK12
      Params:         0       0       0       0       0       0       0       0       0       0       0       0       0       0
      Locals:         0       0       0       0       0       0       0       0       0       0       0       0       0       0
      Temps:          2       0       0       0       0       0       0       0       0       0       0       0       0       0
      Totals:         2       0       0       0       0       0       0       0       0       0       0       0       0       0
Total ram usage:        2 bytes
 Hardware stack levels required when called:    3
 This function calls:
		_alarm
		_checkPassword
		_clear_LCD
		_display_LCD
		_display_string_LCD
		_menu
		_profile
		_pwmInit
		_readPassword
		_ready_LCD
		_second_line_LCD
		_setup_LCD
		_welcome
 This function is called by:
		Startup code after reset
 This function uses a non-reentrant model


 *************** function _welcome *****************
 Defined at:
		line 16 in file "menu.c"
 Parameters:    Size  Location     Type
		None
 Auto vars:     Size  Location     Type
		None
 Return value:  Size  Location     Type
                  1    wreg      void 
 Registers used:
		wreg, status,2, status,0, tblptrl, tblptrh, tblptru, cstack
 Tracked objects:
		On entry : 
		On exit  : 
		Unchanged: 
 Data sizes:     COMRAM   BANK0   BANK1   BANK2   BANK3   BANK4   BANK5   BANK6   BANK7   BANK8   BANK9  BANK10  BANK11  BANK12
      Params:         0       0       0       0       0       0       0       0       0       0       0       0       0       0
      Locals:         0       0       0       0       0       0       0       0       0       0       0       0       0       0
      Temps:          0       0       0       0       0       0       0       0       0       0       0       0       0       0
      Totals:         0       0       0       0       0       0       0       0       0       0       0       0       0       0
Total ram usage:        0 bytes
 Hardware stack levels used:    1
 Hardware stack levels required when called:    2
 This function calls:
		_display_string_LCD
		_ready_LCD
 This function is called by:
		_main
 This function uses a non-reentrant model


 *************** function _setup_LCD *****************
 Defined at:
		line 28 in file "lcdCon.c"
 Parameters:    Size  Location     Type
		None
 Auto vars:     Size  Location     Type
		None
 Return value:  Size  Location     Type
                  1    wreg      void 
 Registers used:
		wreg, status,2, cstack
 Tracked objects:
		On entry : 
		On exit  : 
		Unchanged: 
 Data sizes:     COMRAM   BANK0   BANK1   BANK2   BANK3   BANK4   BANK5   BANK6   BANK7   BANK8   BANK9  BANK10  BANK11  BANK12
      Params:         0       0       0       0       0       0       0       0       0       0       0       0       0       0
      Locals:         0       0       0       0       0       0       0       0       0       0       0       0       0       0
      Temps:          2       0       0       0       0       0       0       0       0       0       0       0       0       0
      Totals:         2       0       0       0       0       0       0       0       0       0       0       0       0       0
Total ram usage:        2 bytes
 Hardware stack levels used:    1
 Hardware stack levels required when called:    1
 This function calls:
		_command_LCD
		_ready_LCD
 This function is called by:
		_main
 This function uses a non-reentrant model


 *************** function _pwmInit *****************
 Defined at:
		line 12 in file "status.c"
 Parameters:    Size  Location     Type
		None
 Auto vars:     Size  Location     Type
		None
 Return value:  Size  Location     Type
                  1    wreg      void 
 Registers used:
		wreg, status,2
 Tracked objects:
		On entry : 
		On exit  : 
		Unchanged: 
 Data sizes:     COMRAM   BANK0   BANK1   BANK2   BANK3   BANK4   BANK5   BANK6   BANK7   BANK8   BANK9  BANK10  BANK11  BANK12
      Params:         0       0       0       0       0       0       0       0       0       0       0       0       0       0
      Locals:         0       0       0       0       0       0       0       0       0       0       0       0       0       0
      Temps:          0       0       0       0       0       0       0       0       0       0       0       0       0       0
      Totals:         0       0       0       0       0       0       0       0       0       0       0       0       0       0
Total ram usage:        0 bytes
 Hardware stack levels used:    1
 This function calls:
		Nothing
 This function is called by:
		_main
 This function uses a non-reentrant model


 *************** function _profile *****************
 Defined at:
		line 26 in file "profile.c"
 Parameters:    Size  Location     Type
		None
 Auto vars:     Size  Location     Type
  i               2    6[COMRAM] unsigned int 
 Return value:  Size  Location     Type
                  1    wreg      void 
 Registers used:
		wreg, status,2, status,0, tblptrl, tblptrh, tblptru, cstack
 Tracked objects:
		On entry : 
		On exit  : 
		Unchanged: 
 Data sizes:     COMRAM   BANK0   BANK1   BANK2   BANK3   BANK4   BANK5   BANK6   BANK7   BANK8   BANK9  BANK10  BANK11  BANK12
      Params:         0       0       0       0       0       0       0       0       0       0       0       0       0       0
      Locals:         2       0       0       0       0       0       0       0       0       0       0       0       0       0
      Temps:          0       0       0       0       0       0       0       0       0       0       0       0       0       0
      Totals:         2       0       0       0       0       0       0       0       0       0       0       0       0       0
Total ram usage:        2 bytes
 Hardware stack levels used:    1
 Hardware stack levels required when called:    2
 This function calls:
		_clear_LCD
		_display_string_LCD
		_first_line_LCD
		_obtainedKey
		_ready_LCD
		_second_line_LCD
		_writePassword
 This function is called by:
		_main
 This function uses a non-reentrant model


 *************** function _writePassword *****************
 Defined at:
		line 19 in file "profile.c"
 Parameters:    Size  Location     Type
  value           1    wreg     unsigned char 
  address         1    4[COMRAM] unsigned char 
 Auto vars:     Size  Location     Type
  value           1    5[COMRAM] unsigned char 
 Return value:  Size  Location     Type
                  1    wreg      void 
 Registers used:
		wreg, status,2, status,0, cstack
 Tracked objects:
		On entry : 
		On exit  : 
		Unchanged: 
 Data sizes:     COMRAM   BANK0   BANK1   BANK2   BANK3   BANK4   BANK5   BANK6   BANK7   BANK8   BANK9  BANK10  BANK11  BANK12
      Params:         1       0       0       0       0       0       0       0       0       0       0       0       0       0
      Locals:         1       0       0       0       0       0       0       0       0       0       0       0       0       0
      Temps:          0       0       0       0       0       0       0       0       0       0       0       0       0       0
      Totals:         2       0       0       0       0       0       0       0       0       0       0       0       0       0
Total ram usage:        2 bytes
 Hardware stack levels used:    1
 Hardware stack levels required when called:    1
 This function calls:
		_Busy_eep
		_Write_b_eep
 This function is called by:
		_profile
		_preset
 This function uses a non-reentrant model


 *************** function _Write_b_eep *****************
 Defined at:
		line 49 in file "/Applications/microchip/xc8/v1.41/sources/pic18/plib/EEP/write_B.c"
 Parameters:    Size  Location     Type
  badd            2    0[COMRAM] unsigned int 
  bdat            1    2[COMRAM] unsigned char 
 Auto vars:     Size  Location     Type
  GIE_BIT_VAL     1    3[COMRAM] unsigned char 
 Return value:  Size  Location     Type
                  1    wreg      void 
 Registers used:
		wreg, status,2, status,0
 Tracked objects:
		On entry : 
		On exit  : 
		Unchanged: 
 Data sizes:     COMRAM   BANK0   BANK1   BANK2   BANK3   BANK4   BANK5   BANK6   BANK7   BANK8   BANK9  BANK10  BANK11  BANK12
      Params:         3       0       0       0       0       0       0       0       0       0       0       0       0       0
      Locals:         1       0       0       0       0       0       0       0       0       0       0       0       0       0
      Temps:          0       0       0       0       0       0       0       0       0       0       0       0       0       0
      Totals:         4       0       0       0       0       0       0       0       0       0       0       0       0       0
Total ram usage:        4 bytes
 Hardware stack levels used:    1
 This function calls:
		Nothing
 This function is called by:
		_writePassword
 This function uses a non-reentrant model


 *************** function _Busy_eep *****************
 Defined at:
		line 12 in file "/Applications/microchip/xc8/v1.41/sources/pic18/plib/EEP/busy_eep.c"
 Parameters:    Size  Location     Type
		None
 Auto vars:     Size  Location     Type
		None
 Return value:  Size  Location     Type
                  1    wreg      void 
 Registers used:
		None
 Tracked objects:
		On entry : 
		On exit  : 
		Unchanged: 
 Data sizes:     COMRAM   BANK0   BANK1   BANK2   BANK3   BANK4   BANK5   BANK6   BANK7   BANK8   BANK9  BANK10  BANK11  BANK12
      Params:         0       0       0       0       0       0       0       0       0       0       0       0       0       0
      Locals:         0       0       0       0       0       0       0       0       0       0       0       0       0       0
      Temps:          0       0       0       0       0       0       0       0       0       0       0       0       0       0
      Totals:         0       0       0       0       0       0       0       0       0       0       0       0       0       0
Total ram usage:        0 bytes
 Hardware stack levels used:    1
 This function calls:
		Nothing
 This function is called by:
		_writePassword
 This function uses a non-reentrant model


 *************** function _menu *****************
 Defined at:
		line 21 in file "menu.c"
 Parameters:    Size  Location     Type
		None
 Auto vars:     Size  Location     Type
		None
 Return value:  Size  Location     Type
                  1    wreg      void 
 Registers used:
		wreg, status,2, status,0, tblptrl, tblptrh, tblptru, cstack
 Tracked objects:
		On entry : 
		On exit  : 
		Unchanged: 
 Data sizes:     COMRAM   BANK0   BANK1   BANK2   BANK3   BANK4   BANK5   BANK6   BANK7   BANK8   BANK9  BANK10  BANK11  BANK12
      Params:         0       0       0       0       0       0       0       0       0       0       0       0       0       0
      Locals:         0       0       0       0       0       0       0       0       0       0       0       0       0       0
      Temps:          2       0       0       0       0       0       0       0       0       0       0       0       0       0
      Totals:         2       0       0       0       0       0       0       0       0       0       0       0       0       0
Total ram usage:        2 bytes
 Hardware stack levels used:    1
 Hardware stack levels required when called:    2
 This function calls:
		_clear_LCD
		_close
		_display_LCD
		_display_string_LCD
		_first_line_LCD
		_obtainedKey
		_open
		_readPassword
		_ready_LCD
		_second_line_LCD
 This function is called by:
		_main
 This function uses a non-reentrant model


 *************** function _second_line_LCD *****************
 Defined at:
		line 80 in file "lcdCon.c"
 Parameters:    Size  Location     Type
		None
 Auto vars:     Size  Location     Type
		None
 Return value:  Size  Location     Type
                  1    wreg      void 
 Registers used:
		wreg, status,2, cstack
 Tracked objects:
		On entry : 
		On exit  : 
		Unchanged: 
 Data sizes:     COMRAM   BANK0   BANK1   BANK2   BANK3   BANK4   BANK5   BANK6   BANK7   BANK8   BANK9  BANK10  BANK11  BANK12
      Params:         0       0       0       0       0       0       0       0       0       0       0       0       0       0
      Locals:         0       0       0       0       0       0       0       0       0       0       0       0       0       0
      Temps:          0       0       0       0       0       0       0       0       0       0       0       0       0       0
      Totals:         0       0       0       0       0       0       0       0       0       0       0       0       0       0
Total ram usage:        0 bytes
 Hardware stack levels used:    1
 Hardware stack levels required when called:    1
 This function calls:
		_command_LCD
		_ready_LCD
 This function is called by:
		_main
		_menu
		_profile
 This function uses a non-reentrant model


 *************** function _open *****************
 Defined at:
		line 22 in file "status.c"
 Parameters:    Size  Location     Type
		None
 Auto vars:     Size  Location     Type
		None
 Return value:  Size  Location     Type
                  1    wreg      void 
 Registers used:
		wreg, status,2
 Tracked objects:
		On entry : 
		On exit  : 
		Unchanged: 
 Data sizes:     COMRAM   BANK0   BANK1   BANK2   BANK3   BANK4   BANK5   BANK6   BANK7   BANK8   BANK9  BANK10  BANK11  BANK12
      Params:         0       0       0       0       0       0       0       0       0       0       0       0       0       0
      Locals:         0       0       0       0       0       0       0       0       0       0       0       0       0       0
      Temps:          0       0       0       0       0       0       0       0       0       0       0       0       0       0
      Totals:         0       0       0       0       0       0       0       0       0       0       0       0       0       0
Total ram usage:        0 bytes
 Hardware stack levels used:    1
 This function calls:
		Nothing
 This function is called by:
		_menu
 This function uses a non-reentrant model


 *************** function _first_line_LCD *****************
 Defined at:
		line 76 in file "lcdCon.c"
 Parameters:    Size  Location     Type
		None
 Auto vars:     Size  Location     Type
		None
 Return value:  Size  Location     Type
                  1    wreg      void 
 Registers used:
		wreg, status,2, cstack
 Tracked objects:
		On entry : 
		On exit  : 
		Unchanged: 
 Data sizes:     COMRAM   BANK0   BANK1   BANK2   BANK3   BANK4   BANK5   BANK6   BANK7   BANK8   BANK9  BANK10  BANK11  BANK12
      Params:         0       0       0       0       0       0       0       0       0       0       0       0       0       0
      Locals:         0       0       0       0       0       0       0       0       0       0       0       0       0       0
      Temps:          0       0       0       0       0       0       0       0       0       0       0       0       0       0
      Totals:         0       0       0       0       0       0       0       0       0       0       0       0       0       0
Total ram usage:        0 bytes
 Hardware stack levels used:    1
 Hardware stack levels required when called:    1
 This function calls:
		_command_LCD
		_ready_LCD
 This function is called by:
		_menu
		_profile
 This function uses a non-reentrant model


 *************** function _display_string_LCD *****************
 Defined at:
		line 69 in file "lcdCon.c"
 Parameters:    Size  Location     Type
  data            2    1[COMRAM] PTR unsigned char 
		 -> STR_18(10), STR_17(11), STR_16(14), STR_15(16), 
		 -> STR_14(17), STR_13(16), STR_12(13), STR_11(10), 
		 -> STR_10(12), STR_9(14), STR_8(12), STR_7(16), 
		 -> STR_6(16), STR_5(16), STR_4(14), STR_3(14), 
		 -> STR_2(15), STR_1(15), 
 Auto vars:     Size  Location     Type
		None
 Return value:  Size  Location     Type
                  1    wreg      void 
 Registers used:
		wreg, status,2, status,0, tblptrl, tblptrh, tblptru, cstack
 Tracked objects:
		On entry : 
		On exit  : 
		Unchanged: 
 Data sizes:     COMRAM   BANK0   BANK1   BANK2   BANK3   BANK4   BANK5   BANK6   BANK7   BANK8   BANK9  BANK10  BANK11  BANK12
      Params:         2       0       0       0       0       0       0       0       0       0       0       0       0       0
      Locals:         0       0       0       0       0       0       0       0       0       0       0       0       0       0
      Temps:          0       0       0       0       0       0       0       0       0       0       0       0       0       0
      Totals:         2       0       0       0       0       0       0       0       0       0       0       0       0       0
Total ram usage:        2 bytes
 Hardware stack levels used:    1
 Hardware stack levels required when called:    1
 This function calls:
		_display_LCD
		_ready_LCD
 This function is called by:
		_main
		_welcome
		_menu
		_profile
 This function uses a non-reentrant model


 *************** function _ready_LCD *****************
 Defined at:
		line 48 in file "lcdCon.c"
 Parameters:    Size  Location     Type
		None
 Auto vars:     Size  Location     Type
		None
 Return value:  Size  Location     Type
                  1    wreg      void 
 Registers used:
		wreg, status,2
 Tracked objects:
		On entry : 
		On exit  : 
		Unchanged: 
 Data sizes:     COMRAM   BANK0   BANK1   BANK2   BANK3   BANK4   BANK5   BANK6   BANK7   BANK8   BANK9  BANK10  BANK11  BANK12
      Params:         0       0       0       0       0       0       0       0       0       0       0       0       0       0
      Locals:         0       0       0       0       0       0       0       0       0       0       0       0       0       0
      Temps:          0       0       0       0       0       0       0       0       0       0       0       0       0       0
      Totals:         0       0       0       0       0       0       0       0       0       0       0       0       0       0
Total ram usage:        0 bytes
 Hardware stack levels used:    1
 This function calls:
		Nothing
 This function is called by:
		_main
		_setup_LCD
		_display_string_LCD
		_first_line_LCD
		_second_line_LCD
		_welcome
		_menu
		_profile
 This function uses a non-reentrant model


 *************** function _display_LCD *****************
 Defined at:
		line 60 in file "lcdCon.c"
 Parameters:    Size  Location     Type
  data            1    wreg     unsigned char 
 Auto vars:     Size  Location     Type
  data            1    0[COMRAM] unsigned char 
 Return value:  Size  Location     Type
                  1    wreg      void 
 Registers used:
		wreg, status,2, cstack
 Tracked objects:
		On entry : 
		On exit  : 
		Unchanged: 
 Data sizes:     COMRAM   BANK0   BANK1   BANK2   BANK3   BANK4   BANK5   BANK6   BANK7   BANK8   BANK9  BANK10  BANK11  BANK12
      Params:         0       0       0       0       0       0       0       0       0       0       0       0       0       0
      Locals:         1       0       0       0       0       0       0       0       0       0       0       0       0       0
      Temps:          0       0       0       0       0       0       0       0       0       0       0       0       0       0
      Totals:         1       0       0       0       0       0       0       0       0       0       0       0       0       0
Total ram usage:        1 bytes
 Hardware stack levels used:    1
 This function calls:
		Nothing
 This function is called by:
		_main
		_display_string_LCD
		_menu
 This function uses a non-reentrant model


 *************** function _close *****************
 Defined at:
		line 25 in file "status.c"
 Parameters:    Size  Location     Type
		None
 Auto vars:     Size  Location     Type
		None
 Return value:  Size  Location     Type
                  1    wreg      void 
 Registers used:
		wreg, status,2
 Tracked objects:
		On entry : 
		On exit  : 
		Unchanged: 
 Data sizes:     COMRAM   BANK0   BANK1   BANK2   BANK3   BANK4   BANK5   BANK6   BANK7   BANK8   BANK9  BANK10  BANK11  BANK12
      Params:         0       0       0       0       0       0       0       0       0       0       0       0       0       0
      Locals:         0       0       0       0       0       0       0       0       0       0       0       0       0       0
      Temps:          0       0       0       0       0       0       0       0       0       0       0       0       0       0
      Totals:         0       0       0       0       0       0       0       0       0       0       0       0       0       0
Total ram usage:        0 bytes
 Hardware stack levels used:    1
 This function calls:
		Nothing
 This function is called by:
		_menu
 This function uses a non-reentrant model


 *************** function _clear_LCD *****************
 Defined at:
		line 84 in file "lcdCon.c"
 Parameters:    Size  Location     Type
		None
 Auto vars:     Size  Location     Type
		None
 Return value:  Size  Location     Type
                  1    wreg      void 
 Registers used:
		wreg, status,2, cstack
 Tracked objects:
		On entry : 
		On exit  : 
		Unchanged: 
 Data sizes:     COMRAM   BANK0   BANK1   BANK2   BANK3   BANK4   BANK5   BANK6   BANK7   BANK8   BANK9  BANK10  BANK11  BANK12
      Params:         0       0       0       0       0       0       0       0       0       0       0       0       0       0
      Locals:         0       0       0       0       0       0       0       0       0       0       0       0       0       0
      Temps:          0       0       0       0       0       0       0       0       0       0       0       0       0       0
      Totals:         0       0       0       0       0       0       0       0       0       0       0       0       0       0
Total ram usage:        0 bytes
 Hardware stack levels used:    1
 Hardware stack levels required when called:    1
 This function calls:
		_command_LCD
 This function is called by:
		_main
		_menu
		_profile
 This function uses a non-reentrant model


 *************** function _command_LCD *****************
 Defined at:
		line 39 in file "lcdCon.c"
 Parameters:    Size  Location     Type
  x               1    wreg     unsigned char 
 Auto vars:     Size  Location     Type
  x               1    0[COMRAM] unsigned char 
 Return value:  Size  Location     Type
                  1    wreg      void 
 Registers used:
		wreg, status,2, cstack
 Tracked objects:
		On entry : 
		On exit  : 
		Unchanged: 
 Data sizes:     COMRAM   BANK0   BANK1   BANK2   BANK3   BANK4   BANK5   BANK6   BANK7   BANK8   BANK9  BANK10  BANK11  BANK12
      Params:         0       0       0       0       0       0       0       0       0       0       0       0       0       0
      Locals:         1       0       0       0       0       0       0       0       0       0       0       0       0       0
      Temps:          0       0       0       0       0       0       0       0       0       0       0       0       0       0
      Totals:         1       0       0       0       0       0       0       0       0       0       0       0       0       0
Total ram usage:        1 bytes
 Hardware stack levels used:    1
 This function calls:
		Nothing
 This function is called by:
		_setup_LCD
		_first_line_LCD
		_second_line_LCD
		_clear_LCD
 This function uses a non-reentrant model


 *************** function _checkPassword *****************
 Defined at:
		line 50 in file "profile.c"
 Parameters:    Size  Location     Type
		None
 Auto vars:     Size  Location     Type
  pass            1    4[COMRAM] unsigned char 
  i               1    5[COMRAM] unsigned char 
 Return value:  Size  Location     Type
                  1    wreg      unsigned char 
 Registers used:
		wreg, status,2, status,0, cstack
 Tracked objects:
		On entry : 
		On exit  : 
		Unchanged: 
 Data sizes:     COMRAM   BANK0   BANK1   BANK2   BANK3   BANK4   BANK5   BANK6   BANK7   BANK8   BANK9  BANK10  BANK11  BANK12
      Params:         0       0       0       0       0       0       0       0       0       0       0       0       0       0
      Locals:         2       0       0       0       0       0       0       0       0       0       0       0       0       0
      Temps:          0       0       0       0       0       0       0       0       0       0       0       0       0       0
      Totals:         2       0       0       0       0       0       0       0       0       0       0       0       0       0
Total ram usage:        2 bytes
 Hardware stack levels used:    1
 Hardware stack levels required when called:    2
 This function calls:
		_obtainedKey
		_readPassword
 This function is called by:
		_main
 This function uses a non-reentrant model


 *************** function _readPassword *****************
 Defined at:
		line 14 in file "profile.c"
 Parameters:    Size  Location     Type
  address         1    wreg     unsigned char 
 Auto vars:     Size  Location     Type
  address         1    2[COMRAM] unsigned char 
  value           1    3[COMRAM] volatile unsigned char 
 Return value:  Size  Location     Type
                  1    wreg      unsigned char 
 Registers used:
		wreg, status,2, status,0, cstack
 Tracked objects:
		On entry : 
		On exit  : 
		Unchanged: 
 Data sizes:     COMRAM   BANK0   BANK1   BANK2   BANK3   BANK4   BANK5   BANK6   BANK7   BANK8   BANK9  BANK10  BANK11  BANK12
      Params:         0       0       0       0       0       0       0       0       0       0       0       0       0       0
      Locals:         2       0       0       0       0       0       0       0       0       0       0       0       0       0
      Temps:          0       0       0       0       0       0       0       0       0       0       0       0       0       0
      Totals:         2       0       0       0       0       0       0       0       0       0       0       0       0       0
Total ram usage:        2 bytes
 Hardware stack levels used:    1
 Hardware stack levels required when called:    1
 This function calls:
		_Read_b_eep
 This function is called by:
		_main
		_menu
		_checkPassword
 This function uses a non-reentrant model


 *************** function _Read_b_eep *****************
 Defined at:
		line 35 in file "/Applications/microchip/xc8/v1.41/sources/pic18/plib/EEP/read_B.c"
 Parameters:    Size  Location     Type
  badd            2    0[COMRAM] unsigned int 
 Auto vars:     Size  Location     Type
		None
 Return value:  Size  Location     Type
                  1    wreg      unsigned char 
 Registers used:
		wreg, status,2, status,0
 Tracked objects:
		On entry : 
		On exit  : 
		Unchanged: 
 Data sizes:     COMRAM   BANK0   BANK1   BANK2   BANK3   BANK4   BANK5   BANK6   BANK7   BANK8   BANK9  BANK10  BANK11  BANK12
      Params:         2       0       0       0       0       0       0       0       0       0       0       0       0       0
      Locals:         0       0       0       0       0       0       0       0       0       0       0       0       0       0
      Temps:          0       0       0       0       0       0       0       0       0       0       0       0       0       0
      Totals:         2       0       0       0       0       0       0       0       0       0       0       0       0       0
Total ram usage:        2 bytes
 Hardware stack levels used:    1
 This function calls:
		Nothing
 This function is called by:
		_readPassword
 This function uses a non-reentrant model


 *************** function _alarm *****************
 Defined at:
		line 12 in file "alarm.c"
 Parameters:    Size  Location     Type
		None
 Auto vars:     Size  Location     Type
		None
 Return value:  Size  Location     Type
                  1    wreg      void 
 Registers used:
		wreg, status,2, status,0, cstack
 Tracked objects:
		On entry : 
		On exit  : 
		Unchanged: 
 Data sizes:     COMRAM   BANK0   BANK1   BANK2   BANK3   BANK4   BANK5   BANK6   BANK7   BANK8   BANK9  BANK10  BANK11  BANK12
      Params:         0       0       0       0       0       0       0       0       0       0       0       0       0       0
      Locals:         0       0       0       0       0       0       0       0       0       0       0       0       0       0
      Temps:          0       0       0       0       0       0       0       0       0       0       0       0       0       0
      Totals:         0       0       0       0       0       0       0       0       0       0       0       0       0       0
Total ram usage:        0 bytes
 Hardware stack levels used:    1
 Hardware stack levels required when called:    2
 This function calls:
		_obtainedKey
 This function is called by:
		_main
 This function uses a non-reentrant model


 *************** function _obtainedKey *****************
 Defined at:
		line 73 in file "keypadCon.c"
 Parameters:    Size  Location     Type
		None
 Auto vars:     Size  Location     Type
  key_presiona    1    1[COMRAM] unsigned char 
 Return value:  Size  Location     Type
                  1    wreg      unsigned char 
 Registers used:
		wreg, status,2, status,0, cstack
 Tracked objects:
		On entry : 
		On exit  : 
		Unchanged: 
 Data sizes:     COMRAM   BANK0   BANK1   BANK2   BANK3   BANK4   BANK5   BANK6   BANK7   BANK8   BANK9  BANK10  BANK11  BANK12
      Params:         0       0       0       0       0       0       0       0       0       0       0       0       0       0
      Locals:         1       0       0       0       0       0       0       0       0       0       0       0       0       0
      Temps:          0       0       0       0       0       0       0       0       0       0       0       0       0       0
      Totals:         1       0       0       0       0       0       0       0       0       0       0       0       0       0
Total ram usage:        1 bytes
 Hardware stack levels used:    1
 Hardware stack levels required when called:    1
 This function calls:
		_getKey
		_ground
 This function is called by:
		_menu
		_profile
		_checkPassword
		_alarm
 This function uses a non-reentrant model


 *************** function _ground *****************
 Defined at:
		line 66 in file "keypadCon.c"
 Parameters:    Size  Location     Type
		None
 Auto vars:     Size  Location     Type
		None
 Return value:  Size  Location     Type
                  1    wreg      void 
 Registers used:
		None
 Tracked objects:
		On entry : 
		On exit  : 
		Unchanged: 
 Data sizes:     COMRAM   BANK0   BANK1   BANK2   BANK3   BANK4   BANK5   BANK6   BANK7   BANK8   BANK9  BANK10  BANK11  BANK12
      Params:         0       0       0       0       0       0       0       0       0       0       0       0       0       0
      Locals:         0       0       0       0       0       0       0       0       0       0       0       0       0       0
      Temps:          0       0       0       0       0       0       0       0       0       0       0       0       0       0
      Totals:         0       0       0       0       0       0       0       0       0       0       0       0       0       0
Total ram usage:        0 bytes
 Hardware stack levels used:    1
 This function calls:
		Nothing
 This function is called by:
		_obtainedKey
 This function uses a non-reentrant model


 *************** function _getKey *****************
 Defined at:
		line 21 in file "keypadCon.c"
 Parameters:    Size  Location     Type
		None
 Auto vars:     Size  Location     Type
		None
 Return value:  Size  Location     Type
                  1    wreg      unsigned char 
 Registers used:
		wreg
 Tracked objects:
		On entry : 
		On exit  : 
		Unchanged: 
 Data sizes:     COMRAM   BANK0   BANK1   BANK2   BANK3   BANK4   BANK5   BANK6   BANK7   BANK8   BANK9  BANK10  BANK11  BANK12
      Params:         0       0       0       0       0       0       0       0       0       0       0       0       0       0
      Locals:         0       0       0       0       0       0       0       0       0       0       0       0       0       0
      Temps:          1       0       0       0       0       0       0       0       0       0       0       0       0       0
      Totals:         1       0       0       0       0       0       0       0       0       0       0       0       0       0
Total ram usage:        1 bytes
 Hardware stack levels used:    1
 This function calls:
		Nothing
 This function is called by:
		_obtainedKey
 This function uses a non-reentrant model



MODULE INFORMATION

Module		Function		Class		Link	Load	Size
/Applications/microchip/xc8/v1.41/sources/pic18/plib/EEP/read_B.c
		_Read_b_eep    		CODE           	12F6	0000	25

/Applications/microchip/xc8/v1.41/sources/pic18/plib/EEP/read_B.c estimated size: 25

mainCode.c
		_main          		CODE           	0DF2	0000	287

mainCode.c estimated size: 287

profile.c
		_checkPassword 		CODE           	1222	0000	57
		_writePassword 		CODE           	130E	0000	23
		_readPassword  		CODE           	1348	0000	19
		_profile       		CODE           	10F0	0000	171

profile.c estimated size: 270

/Applications/microchip/xc8/v1.41/sources/pic18/plib/EEP/write_B.c
		_Write_b_eep   		CODE           	11E4	0000	63

/Applications/microchip/xc8/v1.41/sources/pic18/plib/EEP/write_B.c estimated size: 63

/Applications/microchip/xc8/v1.41/sources/pic18/plib/EEP/busy_eep.c
		_Busy_eep      		CODE           	13A6	0000	7

/Applications/microchip/xc8/v1.41/sources/pic18/plib/EEP/busy_eep.c estimated size: 7

keypadCon.c
		_obtainedKey   		CODE           	128A	0000	33
		_getKey        		CODE           	100C	0000	229
		_ground        		CODE           	1394	0000	11

keypadCon.c estimated size: 273

shared
		__initialization		CODE           	136C	0000	3

shared estimated size: 3

alarm.c
		_alarm         		CODE           	135A	0000	19

alarm.c estimated size: 19

menu.c
		_menu          		CODE           	0F10	0000	253
		_welcome       		CODE           	1324	0000	19

menu.c estimated size: 272

lcdCon.c
		_ready_LCD     		CODE           	12AA	0000	29
		_display_LCD   		CODE           	12C6	0000	25
		_display_string_LCD		CODE           	125A	0000	49
		_first_line_LCD		CODE           	1388	0000	13
		_second_line_LCD		CODE           	137C	0000	13
		_clear_LCD     		CODE           	139E	0000	9
		_setup_LCD     		CODE           	119A	0000	75
		_command_LCD   		CODE           	12DE	0000	25

lcdCon.c estimated size: 238

status.c
		_open          		CODE           	13AC	0000	7
		_close         		CODE           	13B2	0000	7
		_pwmInit       		CODE           	1336	0000	19

status.c estimated size: 33

