Microchip MPLAB XC8 Compiler V1.41 ()

Linker command line:

-W-3 --edf=/Applications/microchip/xc8/v1.41/dat/en_msgs.txt -cs \
  -h+dist/default/production/ProyectoMicros.X.production.sym \
  --cmf=dist/default/production/ProyectoMicros.X.production.cmf -z \
  -Q18F4585 -o/tmp/xcIRi0Wx0 \
  -Mdist/default/production/ProyectoMicros.X.production.map -E1 -ver=XC8 \
  -ASTACK=060h-0cffh -pstack=STACK -ACODE=00h-0BFFFh -ACONST=00h-0BFFFh \
  -ASMALLCONST=0D00h-0DFFhx179 -AMEDIUMCONST=0D00h-0BFFFh -ACOMRAM=01h-05Fh \
  -AABS1=00h-0CFFh -ABIGRAM=01h-0CFFh -ARAM=060h-0FFh,0100h-01FFhx12 \
  -ABANK0=060h-0FFh -ABANK1=0100h-01FFh -ABANK2=0200h-02FFh \
  -ABANK3=0300h-03FFh -ABANK4=0400h-04FFh -ABANK5=0500h-05FFh \
  -ABANK6=0600h-06FFh -ABANK7=0700h-07FFh -ABANK8=0800h-08FFh \
  -ABANK9=0900h-09FFh -ABANK10=0A00h-0AFFh -ABANK11=0B00h-0BFFh \
  -ABANK12=0C00h-0CFFh -ASFR=0D00h-0DFFhx2,0F00h-0F5Fh,0F60h-0FFFh \
  -preset_vec=00h,intcode=08h,intcodelo=018h,powerup,init -pramtop=0D00h \
  -psmallconst=SMALLCONST -pmediumconst=MEDIUMCONST -pconst=CONST \
  -AFARRAM=00h-00h -ACONFIG=0300000h-030000Dh -pconfig=CONFIG \
  -AIDLOC=0200000h-0200007h -pidloc=IDLOC -AEEDATA=0F00000h-0F003FFh \
  -peeprom_data=EEDATA \
  -prdata=COMRAM,nvrram=COMRAM,nvbit=COMRAM,rbss=COMRAM,rbit=COMRAM \
  -pfarbss=FARRAM,fardata=FARRAM,nvFARRAM=FARRAM \
  -pintsave_regs=BIGRAM,bigbss=BIGRAM,bigdata=BIGRAM -pbss=RAM \
  -pidata=CODE,irdata=CODE,ibigdata=CODE,ifardata=CODE -prparam=COMRAM \
  /tmp/xcvppEs3S.obj \
  dist/default/production/ProyectoMicros.X.production.obj 

Object code version is 3.11

Machine type is 18F4585

Call graph: (short form)




                Name                               Link     Load   Length Selector   Space Scale
/tmp/xcvppEs3S.obj
                init                                 C4       C4        4        C       0
                reset_vec                             0        0        4        0       0
                idloc                            200000   200000        8   200000       0
                config                           300000   300000        E   300000       0
dist/default/production/ProyectoMicros.X.production.obj
                intcodelo                            18       18       AC        C       0
                intcode                               8        8        6        4       0
                temp                                 2D       2D        1        1       1
                smallconst                          D00      D00       DC      680       0
                intcode_body                        F0A      F0A      10A      6EE       0
                text23                             1110     1110       E4      6EE       0
                text22                             1446     1446        A      6EE       0
                text21                             1348     1348       20      6EE       0
                text20                             1400     1400       12      6EE       0
                text19                             13C8     13C8       14      6EE       0
                text18                             1420     1420        E      6EE       0
                text17                             12BC     12BC       38      6EE       0
                text16                             139C     139C       18      6EE       0
                text15                             1450     1450        8      6EE       0
                text14                             145E     145E        6      6EE       0
                text13                             1384     1384       18      6EE       0
                text12                             1368     1368       1C      6EE       0
                text11                             12F4     12F4       30      6EE       0
                text10                             143A     143A        C      6EE       0
                text9                              1458     1458        6      6EE       0
                text8                              142E     142E        C      6EE       0
                text7                              1014     1014       FC      6EE       0
                text6                              1324     1324       24      6EE       0
                text5                              1412     1412        E      6EE       0
                text4                              11F4     11F4       7E      6EE       0
                text3                              13EE     13EE       12      6EE       0
                text2                              1272     1272       4A      6EE       0
                text1                              13DC     13DC       12      6EE       0
                text0                               DDC      DDC      12E      6EE       0
                cstackCOMRAM                          1        1       2B        1       1
                bssCOMRAM                            2C       2C        1        1       1
                cinit                              13B4     13B4       14      6EE       0

TOTAL           Name                               Link     Load   Length     Space
        CLASS   STACK          

        CLASS   CODE           
                intcodelo                            18       18       AC         0
                intcode                               8        8        6         0
                init                                 C4       C4        4         0
                reset_vec                             0        0        4         0
                intcode_body                        F0A      F0A      10A         0
                text23                             1110     1110       E4         0
                text22                             1446     1446        A         0
                text21                             1348     1348       20         0
                text20                             1400     1400       12         0
                text19                             13C8     13C8       14         0
                text18                             1420     1420        E         0
                text17                             12BC     12BC       38         0
                text16                             139C     139C       18         0
                text15                             1450     1450        8         0
                text14                             145E     145E        6         0
                text13                             1384     1384       18         0
                text12                             1368     1368       1C         0
                text11                             12F4     12F4       30         0
                text10                             143A     143A        C         0
                text9                              1458     1458        6         0
                text8                              142E     142E        C         0
                text7                              1014     1014       FC         0
                text6                              1324     1324       24         0
                text5                              1412     1412        E         0
                text4                              11F4     11F4       7E         0
                text3                              13EE     13EE       12         0
                text2                              1272     1272       4A         0
                text1                              13DC     13DC       12         0
                text0                               DDC      DDC      12E         0
                cinit                              13B4     13B4       14         0

        CLASS   CONST          

        CLASS   SMALLCONST     
                smallconst                          D00      D00       DC         0

        CLASS   MEDIUMCONST    

        CLASS   COMRAM         
                temp                                 2D       2D        1         1
                cstackCOMRAM                          1        1       2B         1
                bssCOMRAM                            2C       2C        1         1

        CLASS   ABS1           

        CLASS   BIGRAM         

        CLASS   RAM            

        CLASS   BANK0          

        CLASS   BANK1          

        CLASS   BANK2          

        CLASS   BANK3          

        CLASS   BANK4          

        CLASS   BANK5          

        CLASS   BANK6          

        CLASS   BANK7          

        CLASS   BANK8          

        CLASS   BANK9          

        CLASS   BANK10         

        CLASS   BANK11         

        CLASS   BANK12         

        CLASS   SFR            

        CLASS   FARRAM         

        CLASS   CONFIG         
                config                           300000   300000        E         0

        CLASS   IDLOC          
                idloc                            200000   200000        8         0

        CLASS   EEDATA         



SEGMENTS        Name                           Load    Length   Top    Selector   Space  Class

                reset_vec                      000000  000004  000004         0       0  CODE    
                cstackCOMRAM                   000001  00002D  00002E         1       1  COMRAM  
                intcode                        000008  000006  00000E         4       0  CODE    
                intcodelo                      000018  0000B0  0000C8         C       0  CODE    
                smallconst                     000D00  0000DC  000DDC       680       0  SMALLCON
                text0                          000DDC  000688  001464       6EE       0  CODE    
                idloc                          200000  000008  200008    200000       0  IDLOC   
                config                         300000  00000E  30000E    300000       0  CONFIG  


UNUSED ADDRESS RANGES

        Name                Unused          Largest block    Delta
        BANK0            000060-0000FF               A0
        BANK1            000100-0001FF              100
        BANK10           000A00-000AFF              100
        BANK11           000B00-000BFF              100
        BANK12           000C00-000CFF              100
        BANK2            000200-0002FF              100
        BANK3            000300-0003FF              100
        BANK4            000400-0004FF              100
        BANK5            000500-0005FF              100
        BANK6            000600-0006FF              100
        BANK7            000700-0007FF              100
        BANK8            000800-0008FF              100
        BANK9            000900-0009FF              100
        BIGRAM           00002E-000CFF              CD2
        CODE             000004-000007                4
                         00000E-000017                A
                         0000C8-000CFF              C38
                         001464-00BFFF             AB9C
        COMRAM           00002E-00005F               32
        CONST            000004-000007                4
                         00000E-000017                A
                         0000C8-000CFF              C38
                         001464-00BFFF             AB9C
        EEDATA           F00000-F003FF              400
        MEDIUMCONST      001464-00BFFF             AB9C
        RAM              000060-000CFF              100
        SFR              000D00-000FFF              100
        SMALLCONST       001464-00BFFF              100
        STACK            000060-000CFF              CA0

                                  Symbol Table

_ADCON1                      (abs)        000FC1
_CCP1CON                     (abs)        000FBD
_CCPR1L                      (abs)        000FBE
_CMCON                       (abs)        000FB4
_CVRCONbits                  (abs)        000FB5
_EEADR                       (abs)        000FA9
_EECON1bits                  (abs)        000FA6
_EECON2                      (abs)        000FA7
_EEDATA                      (abs)        000FA8
_INTCON2bits                 (abs)        000FF1
_INTCON3bits                 (abs)        000FF0
_INTCONbits                  (abs)        000FF2
_LATA                        (abs)        000F89
_LATB                        (abs)        000F8A
_LATC                        (abs)        000F8B
_LATCbits                    (abs)        000F8B
_LATD                        (abs)        000F8C
_LATE                        (abs)        000F8D
_LATEbits                    (abs)        000F8D
_OSCCON                      (abs)        000FD3
_PORTA                       (abs)        000F80
_PORTAbits                   (abs)        000F80
_PORTB                       (abs)        000F81
_PORTBbits                   (abs)        000F81
_PORTC                       (abs)        000F82
_PORTCbits                   (abs)        000F82
_PORTD                       (abs)        000F83
_PORTDbits                   (abs)        000F83
_PORTE                       (abs)        000F84
_PORTEbits                   (abs)        000F84
_PR2                         (abs)        000FCB
_RCONbits                    (abs)        000FD0
_T2CON                       (abs)        000FCA
_TRISA                       (abs)        000F92
_TRISB                       (abs)        000F93
_TRISC                       (abs)        000F94
_TRISD                       (abs)        000F95
_TRISE                       (abs)        000F96
__CFG_LVP$OFF                (abs)        000000
__CFG_MCLRE$ON               (abs)        000000
__CFG_OSC$IRCIO67            (abs)        000000
__CFG_PBADEN$OFF             (abs)        000000
__CFG_WDT$OFF                (abs)        000000
__HRAM                       (abs)        000000
__Habs1                      abs1         000000
__Hbank0                     bank0        000000
__Hbank1                     bank1        000000
__Hbank10                    bank10       000000
__Hbank11                    bank11       000000
__Hbank12                    bank12       000000
__Hbank2                     bank2        000000
__Hbank3                     bank3        000000
__Hbank4                     bank4        000000
__Hbank5                     bank5        000000
__Hbank6                     bank6        000000
__Hbank7                     bank7        000000
__Hbank8                     bank8        000000
__Hbank9                     bank9        000000
__Hbigbss                    bigbss       000000
__Hbigdata                   bigdata      000000
__Hbigram                    bigram       000000
__Hbss                       bss          000000
__HbssCOMRAM                 bssCOMRAM    000000
__Hcinit                     cinit        000000
__Hclrtext                   clrtext      000000
__Hcomram                    comram       000000
__Hconfig                    config       30000E
__Hconst                     const        000000
__HcstackCOMRAM              cstackCOMRAM 000000
__Hdata                      data         000000
__Heeprom_data               eeprom_data  000000
__Hfarbss                    farbss       000000
__Hfardata                   fardata      000000
__Hibigdata                  ibigdata     000000
__Hidata                     idata        000000
__Hidloc                     idloc        200008
__Hifardata                  ifardata     000000
__Hinit                      init         0000C8
__Hintcode                   intcode      00000E
__Hintcode_body              intcode_body 000000
__Hintcodelo                 intcodelo    0000C4
__Hintentry                  intentry     000000
__Hintret                    intret       000000
__Hintsave_regs              intsave_regs 000000
__Hirdata                    irdata       000000
__Hmediumconst               mediumconst  000000
__HnvFARRAM                  nvFARRAM     000000
__Hnvbit                     nvbit        000000
__Hnvrram                    nvrram       000000
__Hparam                     rparam       000000
__Hpowerup                   powerup      0000C4
__Hram                       ram          000000
__Hramtop                    ramtop       000D00
__Hrbit                      rbit         000000
__Hrbss                      rbss         000000
__Hrdata                     rdata        000000
__Hreset_vec                 reset_vec    000004
__Hrparam                    rparam       000000
__Hsfr                       sfr          000000
__Hsmallconst                smallconst   000DDC
__Hspace_0                   (abs)        30000E
__Hspace_1                   (abs)        00002E
__Hspace_2                   (abs)        000000
__Hstack                     stack        000000
__Hstruct                    struct       000000
__Htemp                      temp         00002E
__Htext                      text         000000
__Htext0                     text0        000000
__Htext1                     text1        000000
__Htext10                    text10       000000
__Htext11                    text11       000000
__Htext12                    text12       000000
__Htext13                    text13       000000
__Htext14                    text14       000000
__Htext15                    text15       000000
__Htext16                    text16       000000
__Htext17                    text17       000000
__Htext18                    text18       000000
__Htext19                    text19       000000
__Htext2                     text2        000000
__Htext20                    text20       000000
__Htext21                    text21       000000
__Htext22                    text22       000000
__Htext23                    text23       000000
__Htext3                     text3        000000
__Htext4                     text4        000000
__Htext5                     text5        000000
__Htext6                     text6        000000
__Htext7                     text7        000000
__Htext8                     text8        000000
__Htext9                     text9        000000
__LRAM                       (abs)        000001
__Labs1                      abs1         000000
__Lbank0                     bank0        000000
__Lbank1                     bank1        000000
__Lbank10                    bank10       000000
__Lbank11                    bank11       000000
__Lbank12                    bank12       000000
__Lbank2                     bank2        000000
__Lbank3                     bank3        000000
__Lbank4                     bank4        000000
__Lbank5                     bank5        000000
__Lbank6                     bank6        000000
__Lbank7                     bank7        000000
__Lbank8                     bank8        000000
__Lbank9                     bank9        000000
__Lbigbss                    bigbss       000000
__Lbigdata                   bigdata      000000
__Lbigram                    bigram       000000
__Lbss                       bss          000000
__LbssCOMRAM                 bssCOMRAM    000000
__Lcinit                     cinit        000000
__Lclrtext                   clrtext      000000
__Lcomram                    comram       000000
__Lconfig                    config       300000
__Lconst                     const        000000
__LcstackCOMRAM              cstackCOMRAM 000000
__Ldata                      data         000000
__Leeprom_data               eeprom_data  000000
__Lfarbss                    farbss       000000
__Lfardata                   fardata      000000
__Libigdata                  ibigdata     000000
__Lidata                     idata        000000
__Lidloc                     idloc        200000
__Lifardata                  ifardata     000000
__Linit                      init         0000C4
__Lintcode                   intcode      000008
__Lintcode_body              intcode_body 000000
__Lintcodelo                 intcodelo    000018
__Lintentry                  intentry     000000
__Lintret                    intret       000000
__Lintsave_regs              intsave_regs 000000
__Lirdata                    irdata       000000
__Lmediumconst               mediumconst  000000
__LnvFARRAM                  nvFARRAM     000000
__Lnvbit                     nvbit        000000
__Lnvrram                    nvrram       000000
__Lparam                     rparam       000000
__Lpowerup                   powerup      0000C4
__Lram                       ram          000000
__Lramtop                    ramtop       000D00
__Lrbit                      rbit         000000
__Lrbss                      rbss         000000
__Lrdata                     rdata        000000
__Lreset_vec                 reset_vec    000000
__Lrparam                    rparam       000000
__Lsfr                       sfr          000000
__Lsmallconst                smallconst   000D00
__Lspace_0                   (abs)        000000
__Lspace_1                   (abs)        000000
__Lspace_2                   (abs)        000000
__Lstack                     stack        000000
__Lstruct                    struct       000000
__Ltemp                      temp         00002D
__Ltext                      text         000000
__Ltext0                     text0        000000
__Ltext1                     text1        000000
__Ltext10                    text10       000000
__Ltext11                    text11       000000
__Ltext12                    text12       000000
__Ltext13                    text13       000000
__Ltext14                    text14       000000
__Ltext15                    text15       000000
__Ltext16                    text16       000000
__Ltext17                    text17       000000
__Ltext18                    text18       000000
__Ltext19                    text19       000000
__Ltext2                     text2        000000
__Ltext20                    text20       000000
__Ltext21                    text21       000000
__Ltext22                    text22       000000
__Ltext23                    text23       000000
__Ltext3                     text3        000000
__Ltext4                     text4        000000
__Ltext5                     text5        000000
__Ltext6                     text6        000000
__Ltext7                     text7        000000
__Ltext8                     text8        000000
__Ltext9                     text9        000000
__S0                         (abs)        30000E
__S1                         (abs)        00002E
__S2                         (abs)        000000
___inthi_sp                  stack        000000
___intlo_sp                  stack        000000
___param_bank                (abs)        000000
___rparam_used               (abs)        000001
___sp                        stack        000000
__accesstop                  (abs)        000060
__activetblptr               (abs)        000001
__end_of__initialization     cinit        0013B6
__end_of_alarm               text20       001412
__end_of_backup              intcode_body 001014
__end_of_checkPassword       text17       0012F4
__end_of_clear_LCD           text15       001458
__end_of_close               text14       001464
__end_of_command_LCD         text16       0013B4
__end_of_display_LCD         text13       00139C
__end_of_display_string_LCD  text11       001324
__end_of_eeprom_r            text19       0013DC
__end_of_eeprom_w            text6        001348
__end_of_first_line_LCD      text10       001446
__end_of_getKey              text23       0011F4
__end_of_ground              text22       001450
__end_of_luz                 intcodelo    0000C4
__end_of_main                text0        000F0A
__end_of_menu                text7        001110
__end_of_obtainedKey         text21       001368
__end_of_open                text9        00145E
__end_of_profile             text4        001272
__end_of_pwmInit             text3        001400
__end_of_readPassword        text18       00142E
__end_of_ready_LCD           text12       001384
__end_of_second_line_LCD     text8        00143A
__end_of_setup_LCD           text2        0012BC
__end_of_welcome             text1        0013EE
__end_of_writePassword       text5        001420
__initialization             cinit        0013B4
__mediumconst                mediumconst  000000
__pbssCOMRAM                 bssCOMRAM    00002C
__pcinit                     cinit        0013B4
__pcstackCOMRAM              cstackCOMRAM 000001
__pintcode                   intcode      000008
__pintcode_body              intcode_body 000F0A
__pintcodelo                 intcodelo    000018
__psmallconst                smallconst   000D00
__ptext0                     text0        000DDC
__ptext1                     text1        0013DC
__ptext10                    text10       00143A
__ptext11                    text11       0012F4
__ptext12                    text12       001368
__ptext13                    text13       001384
__ptext14                    text14       00145E
__ptext15                    text15       001450
__ptext16                    text16       00139C
__ptext17                    text17       0012BC
__ptext18                    text18       001420
__ptext19                    text19       0013C8
__ptext2                     text2        001272
__ptext20                    text20       001400
__ptext21                    text21       001348
__ptext22                    text22       001446
__ptext23                    text23       001110
__ptext3                     text3        0013EE
__ptext4                     text4        0011F4
__ptext5                     text5        001412
__ptext6                     text6        001324
__ptext7                     text7        001014
__ptext8                     text8        00142E
__ptext9                     text9        001458
__ramtop                     ramtop       000D00
__size_of_alarm              (abs)        000000
__size_of_backup             (abs)        000000
__size_of_checkPassword      (abs)        000000
__size_of_clear_LCD          (abs)        000000
__size_of_close              (abs)        000000
__size_of_command_LCD        (abs)        000000
__size_of_display_LCD        (abs)        000000
__size_of_display_string_LCD (abs)        000000
__size_of_eeprom_r           (abs)        000000
__size_of_eeprom_w           (abs)        000000
__size_of_first_line_LCD     (abs)        000000
__size_of_getKey             (abs)        000000
__size_of_ground             (abs)        000000
__size_of_luz                (abs)        000000
__size_of_main               (abs)        000000
__size_of_menu               (abs)        000000
__size_of_obtainedKey        (abs)        000000
__size_of_open               (abs)        000000
__size_of_profile            (abs)        000000
__size_of_pwmInit            (abs)        000000
__size_of_readPassword       (abs)        000000
__size_of_ready_LCD          (abs)        000000
__size_of_second_line_LCD    (abs)        000000
__size_of_setup_LCD          (abs)        000000
__size_of_welcome            (abs)        000000
__size_of_writePassword      (abs)        000000
__smallconst                 smallconst   000D00
_alarm                       text20       001400
_backup                      intcode      000008
_checkPassword               text17       0012BC
_clear_LCD                   text15       001450
_close                       text14       00145E
_command_LCD                 text16       00139C
_display_LCD                 text13       001384
_display_string_LCD          text11       0012F4
_eeprom_r                    text19       0013C8
_eeprom_w                    text6        001324
_first_line_LCD              text10       00143A
_flag                        bssCOMRAM    00002C
_getKey                      text23       001110
_ground                      text22       001446
_luz                         intcodelo    000018
_main                        text0        000DDC
_menu                        text7        001014
_obtainedKey                 text21       001348
_open                        text9        001458
_profile                     text4        0011F4
_pwmInit                     text3        0013EE
_readPassword                text18       001420
_ready_LCD                   text12       001368
_second_line_LCD             text8        00142E
_setup_LCD                   text2        001272
_welcome                     text1        0013DC
_writePassword               text5        001412
btemp                        temp         00002D
checkPassword@i              cstackCOMRAM 000028
checkPassword@pass           cstackCOMRAM 000027
command_LCD@x                cstackCOMRAM 000024
display_LCD@data             cstackCOMRAM 000024
display_string_LCD@data      cstackCOMRAM 000025
eeprom_r@address             cstackCOMRAM 000024
eeprom_w@address             cstackCOMRAM 000025
eeprom_w@value               cstackCOMRAM 000024
end_of_initialization        cinit        0013B6
int$flags                    temp         00002D
int_func                     intcode_body 000F0A
intlevel0                    text         000000
intlevel1                    text         000000
intlevel2                    text         000000
intlevel3                    text         000000
obtainedKey@key_presionada   cstackCOMRAM 000025
profile@i                    cstackCOMRAM 000028
readPassword@address         cstackCOMRAM 000025
readPassword@value           cstackCOMRAM 000026
stackhi                      (abs)        000CFF
stacklo                      (abs)        000060
start                        init         0000C4
start_initialization         cinit        0013B4
writePassword@address        cstackCOMRAM 000026
writePassword@value          cstackCOMRAM 000027


FUNCTION INFORMATION:

 *************** function _main *****************
 Defined at:
		line 31 in file "mainCode.c"
 Parameters:    Size  Location     Type
		None
 Auto vars:     Size  Location     Type
  key             1    0        unsigned char 
 Return value:  Size  Location     Type
                  1    wreg      void 
 Registers used:
		wreg, status,2, status,0, tblptrl, tblptrh, tblptru, cstack
 Tracked objects:
		On entry : 
		On exit  : 
		Unchanged: 
 Data sizes:     COMRAM   BANK0   BANK1   BANK2   BANK3   BANK4   BANK5   BANK6   BANK7   BANK8   BANK9  BANK10  BANK11  BANK12
      Params:         0       0       0       0       0       0       0       0       0       0       0       0       0       0
      Locals:         0       0       0       0       0       0       0       0       0       0       0       0       0       0
      Temps:          2       0       0       0       0       0       0       0       0       0       0       0       0       0
      Totals:         2       0       0       0       0       0       0       0       0       0       0       0       0       0
Total ram usage:        2 bytes
 Hardware stack levels required when called:    5
 This function calls:
		_alarm
		_checkPassword
		_clear_LCD
		_display_LCD
		_display_string_LCD
		_menu
		_profile
		_pwmInit
		_readPassword
		_ready_LCD
		_second_line_LCD
		_setup_LCD
		_welcome
 This function is called by:
		Startup code after reset
 This function uses a non-reentrant model


 *************** function _welcome *****************
 Defined at:
		line 16 in file "menu.c"
 Parameters:    Size  Location     Type
		None
 Auto vars:     Size  Location     Type
		None
 Return value:  Size  Location     Type
                  1    wreg      void 
 Registers used:
		wreg, status,2, status,0, tblptrl, tblptrh, tblptru, cstack
 Tracked objects:
		On entry : 
		On exit  : 
		Unchanged: 
 Data sizes:     COMRAM   BANK0   BANK1   BANK2   BANK3   BANK4   BANK5   BANK6   BANK7   BANK8   BANK9  BANK10  BANK11  BANK12
      Params:         0       0       0       0       0       0       0       0       0       0       0       0       0       0
      Locals:         0       0       0       0       0       0       0       0       0       0       0       0       0       0
      Temps:          0       0       0       0       0       0       0       0       0       0       0       0       0       0
      Totals:         0       0       0       0       0       0       0       0       0       0       0       0       0       0
Total ram usage:        0 bytes
 Hardware stack levels used:    1
 Hardware stack levels required when called:    4
 This function calls:
		_display_string_LCD
		_ready_LCD
 This function is called by:
		_main
 This function uses a non-reentrant model


 *************** function _setup_LCD *****************
 Defined at:
		line 28 in file "lcdCon.c"
 Parameters:    Size  Location     Type
		None
 Auto vars:     Size  Location     Type
		None
 Return value:  Size  Location     Type
                  1    wreg      void 
 Registers used:
		wreg, status,2, cstack
 Tracked objects:
		On entry : 
		On exit  : 
		Unchanged: 
 Data sizes:     COMRAM   BANK0   BANK1   BANK2   BANK3   BANK4   BANK5   BANK6   BANK7   BANK8   BANK9  BANK10  BANK11  BANK12
      Params:         0       0       0       0       0       0       0       0       0       0       0       0       0       0
      Locals:         0       0       0       0       0       0       0       0       0       0       0       0       0       0
      Temps:          2       0       0       0       0       0       0       0       0       0       0       0       0       0
      Totals:         2       0       0       0       0       0       0       0       0       0       0       0       0       0
Total ram usage:        2 bytes
 Hardware stack levels used:    1
 Hardware stack levels required when called:    3
 This function calls:
		_command_LCD
		_ready_LCD
 This function is called by:
		_main
 This function uses a non-reentrant model


 *************** function _pwmInit *****************
 Defined at:
		line 12 in file "status.c"
 Parameters:    Size  Location     Type
		None
 Auto vars:     Size  Location     Type
		None
 Return value:  Size  Location     Type
                  1    wreg      void 
 Registers used:
		wreg, status,2
 Tracked objects:
		On entry : 
		On exit  : 
		Unchanged: 
 Data sizes:     COMRAM   BANK0   BANK1   BANK2   BANK3   BANK4   BANK5   BANK6   BANK7   BANK8   BANK9  BANK10  BANK11  BANK12
      Params:         0       0       0       0       0       0       0       0       0       0       0       0       0       0
      Locals:         0       0       0       0       0       0       0       0       0       0       0       0       0       0
      Temps:          0       0       0       0       0       0       0       0       0       0       0       0       0       0
      Totals:         0       0       0       0       0       0       0       0       0       0       0       0       0       0
Total ram usage:        0 bytes
 Hardware stack levels used:    1
 Hardware stack levels required when called:    2
 This function calls:
		Nothing
 This function is called by:
		_main
 This function uses a non-reentrant model


 *************** function _profile *****************
 Defined at:
		line 45 in file "profile.c"
 Parameters:    Size  Location     Type
		None
 Auto vars:     Size  Location     Type
  i               2   39[COMRAM] unsigned int 
 Return value:  Size  Location     Type
                  1    wreg      void 
 Registers used:
		wreg, status,2, status,0, tblptrl, tblptrh, tblptru, cstack
 Tracked objects:
		On entry : 
		On exit  : 
		Unchanged: 
 Data sizes:     COMRAM   BANK0   BANK1   BANK2   BANK3   BANK4   BANK5   BANK6   BANK7   BANK8   BANK9  BANK10  BANK11  BANK12
      Params:         0       0       0       0       0       0       0       0       0       0       0       0       0       0
      Locals:         2       0       0       0       0       0       0       0       0       0       0       0       0       0
      Temps:          0       0       0       0       0       0       0       0       0       0       0       0       0       0
      Totals:         2       0       0       0       0       0       0       0       0       0       0       0       0       0
Total ram usage:        2 bytes
 Hardware stack levels used:    1
 Hardware stack levels required when called:    4
 This function calls:
		_clear_LCD
		_display_string_LCD
		_first_line_LCD
		_obtainedKey
		_ready_LCD
		_second_line_LCD
		_writePassword
 This function is called by:
		_main
 This function uses a non-reentrant model


 *************** function _writePassword *****************
 Defined at:
		line 42 in file "profile.c"
 Parameters:    Size  Location     Type
  value           1    wreg     unsigned char 
  address         1   37[COMRAM] unsigned char 
 Auto vars:     Size  Location     Type
  value           1   38[COMRAM] unsigned char 
 Return value:  Size  Location     Type
                  1    wreg      void 
 Registers used:
		wreg, status,2, cstack
 Tracked objects:
		On entry : 
		On exit  : 
		Unchanged: 
 Data sizes:     COMRAM   BANK0   BANK1   BANK2   BANK3   BANK4   BANK5   BANK6   BANK7   BANK8   BANK9  BANK10  BANK11  BANK12
      Params:         1       0       0       0       0       0       0       0       0       0       0       0       0       0
      Locals:         1       0       0       0       0       0       0       0       0       0       0       0       0       0
      Temps:          0       0       0       0       0       0       0       0       0       0       0       0       0       0
      Totals:         2       0       0       0       0       0       0       0       0       0       0       0       0       0
Total ram usage:        2 bytes
 Hardware stack levels used:    1
 Hardware stack levels required when called:    3
 This function calls:
		_eeprom_w
 This function is called by:
		_profile
 This function uses a non-reentrant model


 *************** function _eeprom_w *****************
 Defined at:
		line 23 in file "profile.c"
 Parameters:    Size  Location     Type
  address         1    wreg     unsigned char 
  value           1   35[COMRAM] unsigned char 
 Auto vars:     Size  Location     Type
  address         1   36[COMRAM] unsigned char 
 Return value:  Size  Location     Type
                  1    wreg      void 
 Registers used:
		wreg, status,2
 Tracked objects:
		On entry : 
		On exit  : 
		Unchanged: 
 Data sizes:     COMRAM   BANK0   BANK1   BANK2   BANK3   BANK4   BANK5   BANK6   BANK7   BANK8   BANK9  BANK10  BANK11  BANK12
      Params:         1       0       0       0       0       0       0       0       0       0       0       0       0       0
      Locals:         1       0       0       0       0       0       0       0       0       0       0       0       0       0
      Temps:          0       0       0       0       0       0       0       0       0       0       0       0       0       0
      Totals:         2       0       0       0       0       0       0       0       0       0       0       0       0       0
Total ram usage:        2 bytes
 Hardware stack levels used:    1
 Hardware stack levels required when called:    2
 This function calls:
		Nothing
 This function is called by:
		_writePassword
 This function uses a non-reentrant model


 *************** function _menu *****************
 Defined at:
		line 21 in file "menu.c"
 Parameters:    Size  Location     Type
		None
 Auto vars:     Size  Location     Type
		None
 Return value:  Size  Location     Type
                  1    wreg      void 
 Registers used:
		wreg, status,2, status,0, tblptrl, tblptrh, tblptru, cstack
 Tracked objects:
		On entry : 
		On exit  : 
		Unchanged: 
 Data sizes:     COMRAM   BANK0   BANK1   BANK2   BANK3   BANK4   BANK5   BANK6   BANK7   BANK8   BANK9  BANK10  BANK11  BANK12
      Params:         0       0       0       0       0       0       0       0       0       0       0       0       0       0
      Locals:         0       0       0       0       0       0       0       0       0       0       0       0       0       0
      Temps:          2       0       0       0       0       0       0       0       0       0       0       0       0       0
      Totals:         2       0       0       0       0       0       0       0       0       0       0       0       0       0
Total ram usage:        2 bytes
 Hardware stack levels used:    1
 Hardware stack levels required when called:    4
 This function calls:
		_clear_LCD
		_close
		_display_LCD
		_display_string_LCD
		_first_line_LCD
		_obtainedKey
		_open
		_readPassword
		_ready_LCD
		_second_line_LCD
 This function is called by:
		_main
 This function uses a non-reentrant model


 *************** function _second_line_LCD *****************
 Defined at:
		line 80 in file "lcdCon.c"
 Parameters:    Size  Location     Type
		None
 Auto vars:     Size  Location     Type
		None
 Return value:  Size  Location     Type
                  1    wreg      void 
 Registers used:
		wreg, status,2, cstack
 Tracked objects:
		On entry : 
		On exit  : 
		Unchanged: 
 Data sizes:     COMRAM   BANK0   BANK1   BANK2   BANK3   BANK4   BANK5   BANK6   BANK7   BANK8   BANK9  BANK10  BANK11  BANK12
      Params:         0       0       0       0       0       0       0       0       0       0       0       0       0       0
      Locals:         0       0       0       0       0       0       0       0       0       0       0       0       0       0
      Temps:          0       0       0       0       0       0       0       0       0       0       0       0       0       0
      Totals:         0       0       0       0       0       0       0       0       0       0       0       0       0       0
Total ram usage:        0 bytes
 Hardware stack levels used:    1
 Hardware stack levels required when called:    3
 This function calls:
		_command_LCD
		_ready_LCD
 This function is called by:
		_main
		_menu
		_profile
 This function uses a non-reentrant model


 *************** function _open *****************
 Defined at:
		line 22 in file "status.c"
 Parameters:    Size  Location     Type
		None
 Auto vars:     Size  Location     Type
		None
 Return value:  Size  Location     Type
                  1    wreg      void 
 Registers used:
		wreg, status,2
 Tracked objects:
		On entry : 
		On exit  : 
		Unchanged: 
 Data sizes:     COMRAM   BANK0   BANK1   BANK2   BANK3   BANK4   BANK5   BANK6   BANK7   BANK8   BANK9  BANK10  BANK11  BANK12
      Params:         0       0       0       0       0       0       0       0       0       0       0       0       0       0
      Locals:         0       0       0       0       0       0       0       0       0       0       0       0       0       0
      Temps:          0       0       0       0       0       0       0       0       0       0       0       0       0       0
      Totals:         0       0       0       0       0       0       0       0       0       0       0       0       0       0
Total ram usage:        0 bytes
 Hardware stack levels used:    1
 Hardware stack levels required when called:    2
 This function calls:
		Nothing
 This function is called by:
		_menu
 This function uses a non-reentrant model


 *************** function _first_line_LCD *****************
 Defined at:
		line 76 in file "lcdCon.c"
 Parameters:    Size  Location     Type
		None
 Auto vars:     Size  Location     Type
		None
 Return value:  Size  Location     Type
                  1    wreg      void 
 Registers used:
		wreg, status,2, cstack
 Tracked objects:
		On entry : 
		On exit  : 
		Unchanged: 
 Data sizes:     COMRAM   BANK0   BANK1   BANK2   BANK3   BANK4   BANK5   BANK6   BANK7   BANK8   BANK9  BANK10  BANK11  BANK12
      Params:         0       0       0       0       0       0       0       0       0       0       0       0       0       0
      Locals:         0       0       0       0       0       0       0       0       0       0       0       0       0       0
      Temps:          0       0       0       0       0       0       0       0       0       0       0       0       0       0
      Totals:         0       0       0       0       0       0       0       0       0       0       0       0       0       0
Total ram usage:        0 bytes
 Hardware stack levels used:    1
 Hardware stack levels required when called:    3
 This function calls:
		_command_LCD
		_ready_LCD
 This function is called by:
		_menu
		_profile
 This function uses a non-reentrant model


 *************** function _display_string_LCD *****************
 Defined at:
		line 69 in file "lcdCon.c"
 Parameters:    Size  Location     Type
  data            2   36[COMRAM] PTR unsigned char 
		 -> STR_16(14), STR_15(16), STR_14(17), STR_13(16), 
		 -> STR_12(13), STR_11(10), STR_10(12), STR_9(14), 
		 -> STR_8(12), STR_7(16), STR_6(16), STR_5(16), 
		 -> STR_4(14), STR_3(14), STR_2(15), STR_1(15), 
 Auto vars:     Size  Location     Type
		None
 Return value:  Size  Location     Type
                  1    wreg      void 
 Registers used:
		wreg, status,2, status,0, tblptrl, tblptrh, tblptru, cstack
 Tracked objects:
		On entry : 
		On exit  : 
		Unchanged: 
 Data sizes:     COMRAM   BANK0   BANK1   BANK2   BANK3   BANK4   BANK5   BANK6   BANK7   BANK8   BANK9  BANK10  BANK11  BANK12
      Params:         2       0       0       0       0       0       0       0       0       0       0       0       0       0
      Locals:         0       0       0       0       0       0       0       0       0       0       0       0       0       0
      Temps:          0       0       0       0       0       0       0       0       0       0       0       0       0       0
      Totals:         2       0       0       0       0       0       0       0       0       0       0       0       0       0
Total ram usage:        2 bytes
 Hardware stack levels used:    1
 Hardware stack levels required when called:    3
 This function calls:
		_display_LCD
		_ready_LCD
 This function is called by:
		_main
		_welcome
		_menu
		_profile
 This function uses a non-reentrant model


 *************** function _ready_LCD *****************
 Defined at:
		line 48 in file "lcdCon.c"
 Parameters:    Size  Location     Type
		None
 Auto vars:     Size  Location     Type
		None
 Return value:  Size  Location     Type
                  1    wreg      void 
 Registers used:
		wreg, status,2
 Tracked objects:
		On entry : 
		On exit  : 
		Unchanged: 
 Data sizes:     COMRAM   BANK0   BANK1   BANK2   BANK3   BANK4   BANK5   BANK6   BANK7   BANK8   BANK9  BANK10  BANK11  BANK12
      Params:         0       0       0       0       0       0       0       0       0       0       0       0       0       0
      Locals:         0       0       0       0       0       0       0       0       0       0       0       0       0       0
      Temps:          0       0       0       0       0       0       0       0       0       0       0       0       0       0
      Totals:         0       0       0       0       0       0       0       0       0       0       0       0       0       0
Total ram usage:        0 bytes
 Hardware stack levels used:    1
 Hardware stack levels required when called:    2
 This function calls:
		Nothing
 This function is called by:
		_main
		_setup_LCD
		_display_string_LCD
		_first_line_LCD
		_second_line_LCD
		_welcome
		_menu
		_profile
 This function uses a non-reentrant model


 *************** function _display_LCD *****************
 Defined at:
		line 60 in file "lcdCon.c"
 Parameters:    Size  Location     Type
  data            1    wreg     unsigned char 
 Auto vars:     Size  Location     Type
  data            1   35[COMRAM] unsigned char 
 Return value:  Size  Location     Type
                  1    wreg      void 
 Registers used:
		wreg, status,2, cstack
 Tracked objects:
		On entry : 
		On exit  : 
		Unchanged: 
 Data sizes:     COMRAM   BANK0   BANK1   BANK2   BANK3   BANK4   BANK5   BANK6   BANK7   BANK8   BANK9  BANK10  BANK11  BANK12
      Params:         0       0       0       0       0       0       0       0       0       0       0       0       0       0
      Locals:         1       0       0       0       0       0       0       0       0       0       0       0       0       0
      Temps:          0       0       0       0       0       0       0       0       0       0       0       0       0       0
      Totals:         1       0       0       0       0       0       0       0       0       0       0       0       0       0
Total ram usage:        1 bytes
 Hardware stack levels used:    1
 Hardware stack levels required when called:    2
 This function calls:
		Nothing
 This function is called by:
		_main
		_display_string_LCD
		_menu
 This function uses a non-reentrant model


 *************** function _close *****************
 Defined at:
		line 25 in file "status.c"
 Parameters:    Size  Location     Type
		None
 Auto vars:     Size  Location     Type
		None
 Return value:  Size  Location     Type
                  1    wreg      void 
 Registers used:
		wreg, status,2
 Tracked objects:
		On entry : 
		On exit  : 
		Unchanged: 
 Data sizes:     COMRAM   BANK0   BANK1   BANK2   BANK3   BANK4   BANK5   BANK6   BANK7   BANK8   BANK9  BANK10  BANK11  BANK12
      Params:         0       0       0       0       0       0       0       0       0       0       0       0       0       0
      Locals:         0       0       0       0       0       0       0       0       0       0       0       0       0       0
      Temps:          0       0       0       0       0       0       0       0       0       0       0       0       0       0
      Totals:         0       0       0       0       0       0       0       0       0       0       0       0       0       0
Total ram usage:        0 bytes
 Hardware stack levels used:    1
 Hardware stack levels required when called:    2
 This function calls:
		Nothing
 This function is called by:
		_menu
 This function uses a non-reentrant model


 *************** function _clear_LCD *****************
 Defined at:
		line 84 in file "lcdCon.c"
 Parameters:    Size  Location     Type
		None
 Auto vars:     Size  Location     Type
		None
 Return value:  Size  Location     Type
                  1    wreg      void 
 Registers used:
		wreg, status,2, cstack
 Tracked objects:
		On entry : 
		On exit  : 
		Unchanged: 
 Data sizes:     COMRAM   BANK0   BANK1   BANK2   BANK3   BANK4   BANK5   BANK6   BANK7   BANK8   BANK9  BANK10  BANK11  BANK12
      Params:         0       0       0       0       0       0       0       0       0       0       0       0       0       0
      Locals:         0       0       0       0       0       0       0       0       0       0       0       0       0       0
      Temps:          0       0       0       0       0       0       0       0       0       0       0       0       0       0
      Totals:         0       0       0       0       0       0       0       0       0       0       0       0       0       0
Total ram usage:        0 bytes
 Hardware stack levels used:    1
 Hardware stack levels required when called:    3
 This function calls:
		_command_LCD
 This function is called by:
		_main
		_menu
		_profile
 This function uses a non-reentrant model


 *************** function _command_LCD *****************
 Defined at:
		line 39 in file "lcdCon.c"
 Parameters:    Size  Location     Type
  x               1    wreg     unsigned char 
 Auto vars:     Size  Location     Type
  x               1   35[COMRAM] unsigned char 
 Return value:  Size  Location     Type
                  1    wreg      void 
 Registers used:
		wreg, status,2, cstack
 Tracked objects:
		On entry : 
		On exit  : 
		Unchanged: 
 Data sizes:     COMRAM   BANK0   BANK1   BANK2   BANK3   BANK4   BANK5   BANK6   BANK7   BANK8   BANK9  BANK10  BANK11  BANK12
      Params:         0       0       0       0       0       0       0       0       0       0       0       0       0       0
      Locals:         1       0       0       0       0       0       0       0       0       0       0       0       0       0
      Temps:          0       0       0       0       0       0       0       0       0       0       0       0       0       0
      Totals:         1       0       0       0       0       0       0       0       0       0       0       0       0       0
Total ram usage:        1 bytes
 Hardware stack levels used:    1
 Hardware stack levels required when called:    2
 This function calls:
		Nothing
 This function is called by:
		_setup_LCD
		_first_line_LCD
		_second_line_LCD
		_clear_LCD
 This function uses a non-reentrant model


 *************** function _checkPassword *****************
 Defined at:
		line 64 in file "profile.c"
 Parameters:    Size  Location     Type
		None
 Auto vars:     Size  Location     Type
  pass            1   38[COMRAM] unsigned char 
  i               1   39[COMRAM] unsigned char 
 Return value:  Size  Location     Type
                  1    wreg      unsigned char 
 Registers used:
		wreg, status,2, status,0, cstack
 Tracked objects:
		On entry : 
		On exit  : 
		Unchanged: 
 Data sizes:     COMRAM   BANK0   BANK1   BANK2   BANK3   BANK4   BANK5   BANK6   BANK7   BANK8   BANK9  BANK10  BANK11  BANK12
      Params:         0       0       0       0       0       0       0       0       0       0       0       0       0       0
      Locals:         2       0       0       0       0       0       0       0       0       0       0       0       0       0
      Temps:          0       0       0       0       0       0       0       0       0       0       0       0       0       0
      Totals:         2       0       0       0       0       0       0       0       0       0       0       0       0       0
Total ram usage:        2 bytes
 Hardware stack levels used:    1
 Hardware stack levels required when called:    4
 This function calls:
		_obtainedKey
		_readPassword
 This function is called by:
		_main
 This function uses a non-reentrant model


 *************** function _readPassword *****************
 Defined at:
		line 37 in file "profile.c"
 Parameters:    Size  Location     Type
  address         1    wreg     unsigned char 
 Auto vars:     Size  Location     Type
  address         1   36[COMRAM] unsigned char 
  value           1   37[COMRAM] volatile unsigned char 
 Return value:  Size  Location     Type
                  1    wreg      unsigned char 
 Registers used:
		wreg, status,2, cstack
 Tracked objects:
		On entry : 
		On exit  : 
		Unchanged: 
 Data sizes:     COMRAM   BANK0   BANK1   BANK2   BANK3   BANK4   BANK5   BANK6   BANK7   BANK8   BANK9  BANK10  BANK11  BANK12
      Params:         0       0       0       0       0       0       0       0       0       0       0       0       0       0
      Locals:         2       0       0       0       0       0       0       0       0       0       0       0       0       0
      Temps:          0       0       0       0       0       0       0       0       0       0       0       0       0       0
      Totals:         2       0       0       0       0       0       0       0       0       0       0       0       0       0
Total ram usage:        2 bytes
 Hardware stack levels used:    1
 Hardware stack levels required when called:    3
 This function calls:
		_eeprom_r
 This function is called by:
		_main
		_menu
		_checkPassword
 This function uses a non-reentrant model


 *************** function _eeprom_r *****************
 Defined at:
		line 14 in file "profile.c"
 Parameters:    Size  Location     Type
  address         1    wreg     unsigned char 
 Auto vars:     Size  Location     Type
  address         1   35[COMRAM] unsigned char 
 Return value:  Size  Location     Type
                  1    wreg      unsigned char 
 Registers used:
		wreg, status,2
 Tracked objects:
		On entry : 
		On exit  : 
		Unchanged: 
 Data sizes:     COMRAM   BANK0   BANK1   BANK2   BANK3   BANK4   BANK5   BANK6   BANK7   BANK8   BANK9  BANK10  BANK11  BANK12
      Params:         0       0       0       0       0       0       0       0       0       0       0       0       0       0
      Locals:         1       0       0       0       0       0       0       0       0       0       0       0       0       0
      Temps:          0       0       0       0       0       0       0       0       0       0       0       0       0       0
      Totals:         1       0       0       0       0       0       0       0       0       0       0       0       0       0
Total ram usage:        1 bytes
 Hardware stack levels used:    1
 Hardware stack levels required when called:    2
 This function calls:
		Nothing
 This function is called by:
		_readPassword
 This function uses a non-reentrant model


 *************** function _alarm *****************
 Defined at:
		line 12 in file "alarm.c"
 Parameters:    Size  Location     Type
		None
 Auto vars:     Size  Location     Type
		None
 Return value:  Size  Location     Type
                  1    wreg      void 
 Registers used:
		wreg, status,2, status,0, cstack
 Tracked objects:
		On entry : 
		On exit  : 
		Unchanged: 
 Data sizes:     COMRAM   BANK0   BANK1   BANK2   BANK3   BANK4   BANK5   BANK6   BANK7   BANK8   BANK9  BANK10  BANK11  BANK12
      Params:         0       0       0       0       0       0       0       0       0       0       0       0       0       0
      Locals:         0       0       0       0       0       0       0       0       0       0       0       0       0       0
      Temps:          0       0       0       0       0       0       0       0       0       0       0       0       0       0
      Totals:         0       0       0       0       0       0       0       0       0       0       0       0       0       0
Total ram usage:        0 bytes
 Hardware stack levels used:    1
 Hardware stack levels required when called:    4
 This function calls:
		_obtainedKey
 This function is called by:
		_main
 This function uses a non-reentrant model


 *************** function _obtainedKey *****************
 Defined at:
		line 73 in file "keypadCon.c"
 Parameters:    Size  Location     Type
		None
 Auto vars:     Size  Location     Type
  key_presiona    1   36[COMRAM] unsigned char 
 Return value:  Size  Location     Type
                  1    wreg      unsigned char 
 Registers used:
		wreg, status,2, status,0, cstack
 Tracked objects:
		On entry : 
		On exit  : 
		Unchanged: 
 Data sizes:     COMRAM   BANK0   BANK1   BANK2   BANK3   BANK4   BANK5   BANK6   BANK7   BANK8   BANK9  BANK10  BANK11  BANK12
      Params:         0       0       0       0       0       0       0       0       0       0       0       0       0       0
      Locals:         1       0       0       0       0       0       0       0       0       0       0       0       0       0
      Temps:          0       0       0       0       0       0       0       0       0       0       0       0       0       0
      Totals:         1       0       0       0       0       0       0       0       0       0       0       0       0       0
Total ram usage:        1 bytes
 Hardware stack levels used:    1
 Hardware stack levels required when called:    3
 This function calls:
		_getKey
		_ground
 This function is called by:
		_menu
		_profile
		_checkPassword
		_alarm
 This function uses a non-reentrant model


 *************** function _ground *****************
 Defined at:
		line 66 in file "keypadCon.c"
 Parameters:    Size  Location     Type
		None
 Auto vars:     Size  Location     Type
		None
 Return value:  Size  Location     Type
                  1    wreg      void 
 Registers used:
		None
 Tracked objects:
		On entry : 
		On exit  : 
		Unchanged: 
 Data sizes:     COMRAM   BANK0   BANK1   BANK2   BANK3   BANK4   BANK5   BANK6   BANK7   BANK8   BANK9  BANK10  BANK11  BANK12
      Params:         0       0       0       0       0       0       0       0       0       0       0       0       0       0
      Locals:         0       0       0       0       0       0       0       0       0       0       0       0       0       0
      Temps:          0       0       0       0       0       0       0       0       0       0       0       0       0       0
      Totals:         0       0       0       0       0       0       0       0       0       0       0       0       0       0
Total ram usage:        0 bytes
 Hardware stack levels used:    1
 Hardware stack levels required when called:    2
 This function calls:
		Nothing
 This function is called by:
		_obtainedKey
 This function uses a non-reentrant model


 *************** function _getKey *****************
 Defined at:
		line 21 in file "keypadCon.c"
 Parameters:    Size  Location     Type
		None
 Auto vars:     Size  Location     Type
		None
 Return value:  Size  Location     Type
                  1    wreg      unsigned char 
 Registers used:
		wreg
 Tracked objects:
		On entry : 
		On exit  : 
		Unchanged: 
 Data sizes:     COMRAM   BANK0   BANK1   BANK2   BANK3   BANK4   BANK5   BANK6   BANK7   BANK8   BANK9  BANK10  BANK11  BANK12
      Params:         0       0       0       0       0       0       0       0       0       0       0       0       0       0
      Locals:         0       0       0       0       0       0       0       0       0       0       0       0       0       0
      Temps:          1       0       0       0       0       0       0       0       0       0       0       0       0       0
      Totals:         1       0       0       0       0       0       0       0       0       0       0       0       0       0
Total ram usage:        1 bytes
 Hardware stack levels used:    1
 Hardware stack levels required when called:    2
 This function calls:
		Nothing
 This function is called by:
		_obtainedKey
 This function uses a non-reentrant model


 *************** function _luz *****************
 Defined at:
		line 111 in file "mainCode.c"
 Parameters:    Size  Location     Type
		None
 Auto vars:     Size  Location     Type
		None
 Return value:  Size  Location     Type
                  1    wreg      void 
 Registers used:
		wreg
 Tracked objects:
		On entry : 
		On exit  : 
		Unchanged: 
 Data sizes:     COMRAM   BANK0   BANK1   BANK2   BANK3   BANK4   BANK5   BANK6   BANK7   BANK8   BANK9  BANK10  BANK11  BANK12
      Params:         0       0       0       0       0       0       0       0       0       0       0       0       0       0
      Locals:         0       0       0       0       0       0       0       0       0       0       0       0       0       0
      Temps:         19       0       0       0       0       0       0       0       0       0       0       0       0       0
      Totals:        19       0       0       0       0       0       0       0       0       0       0       0       0       0
Total ram usage:       19 bytes
 Hardware stack levels used:    1
 Hardware stack levels required when called:    1
 This function calls:
		Nothing
 This function is called by:
		Interrupt level 1
 This function uses a non-reentrant model


 *************** function _backup *****************
 Defined at:
		line 120 in file "mainCode.c"
 Parameters:    Size  Location     Type
		None
 Auto vars:     Size  Location     Type
		None
 Return value:  Size  Location     Type
                  1    wreg      void 
 Registers used:
		wreg
 Tracked objects:
		On entry : 
		On exit  : 
		Unchanged: 
 Data sizes:     COMRAM   BANK0   BANK1   BANK2   BANK3   BANK4   BANK5   BANK6   BANK7   BANK8   BANK9  BANK10  BANK11  BANK12
      Params:         0       0       0       0       0       0       0       0       0       0       0       0       0       0
      Locals:         0       0       0       0       0       0       0       0       0       0       0       0       0       0
      Temps:         16       0       0       0       0       0       0       0       0       0       0       0       0       0
      Totals:        16       0       0       0       0       0       0       0       0       0       0       0       0       0
Total ram usage:       16 bytes
 Hardware stack levels used:    1
 This function calls:
		Nothing
 This function is called by:
		Interrupt level 2
 This function uses a non-reentrant model



MODULE INFORMATION

Module		Function		Class		Link	Load	Size
mainCode.c
		_main          		CODE           	0DDC	0000	303
		_backup        		CODE           	0008	0000	273
		_luz           		CODE           	0018	0000	173

mainCode.c estimated size: 749

profile.c
		_checkPassword 		CODE           	12BC	0000	57
		_writePassword 		CODE           	1412	0000	15
		_readPassword  		CODE           	1420	0000	15
		_eeprom_r      		CODE           	13C8	0000	21
		_eeprom_w      		CODE           	1324	0000	37
		_profile       		CODE           	11F4	0000	127

profile.c estimated size: 272

keypadCon.c
		_obtainedKey   		CODE           	1348	0000	33
		_getKey        		CODE           	1110	0000	229
		_ground        		CODE           	1446	0000	11

keypadCon.c estimated size: 273

shared
		__initialization		CODE           	13B4	0000	3

shared estimated size: 3

alarm.c
		_alarm         		CODE           	1400	0000	19

alarm.c estimated size: 19

menu.c
		_menu          		CODE           	1014	0000	253
		_welcome       		CODE           	13DC	0000	19

menu.c estimated size: 272

lcdCon.c
		_ready_LCD     		CODE           	1368	0000	29
		_display_LCD   		CODE           	1384	0000	25
		_display_string_LCD		CODE           	12F4	0000	49
		_first_line_LCD		CODE           	143A	0000	13
		_second_line_LCD		CODE           	142E	0000	13
		_clear_LCD     		CODE           	1450	0000	9
		_setup_LCD     		CODE           	1272	0000	75
		_command_LCD   		CODE           	139C	0000	25

lcdCon.c estimated size: 238

status.c
		_open          		CODE           	1458	0000	7
		_close         		CODE           	145E	0000	7
		_pwmInit       		CODE           	13EE	0000	19

status.c estimated size: 33

